{
  "Entries": [
    {
      "RequestUri": "/subscriptions/0e5a46b1-de0b-4ec3-a5d7-dda908b4e076/resourcegroups/ps4864?api-version=2016-09-01",
      "EncodedRequestUri": "L3N1YnNjcmlwdGlvbnMvMGU1YTQ2YjEtZGUwYi00ZWMzLWE1ZDctZGRhOTA4YjRlMDc2L3Jlc291cmNlZ3JvdXBzL3BzNDg2ND9hcGktdmVyc2lvbj0yMDE2LTA5LTAx",
      "RequestMethod": "PUT",
      "RequestBody": "{\r\n  \"location\": \"West US\"\r\n}",
      "RequestHeaders": {
        "x-ms-client-request-id": [
          "2a5eb23d-a5e0-47c5-b293-3478ebd1090e"
        ],
        "Accept-Language": [
          "en-US"
        ],
        "User-Agent": [
          "FxVersion/4.6.27019.06",
          "OSName/Windows",
          "OSVersion/Microsoft.Windows.10.0.17763.",
          "Microsoft.Azure.Management.Internal.Resources.ResourceManagementClient/1.1.16"
        ],
        "Content-Type": [
          "application/json; charset=utf-8"
        ],
        "Content-Length": [
          "29"
        ]
      },
      "ResponseHeaders": {
        "Cache-Control": [
          "no-cache"
        ],
        "Pragma": [
          "no-cache"
        ],
        "x-ms-ratelimit-remaining-subscription-writes": [
          "1196"
        ],
        "x-ms-request-id": [
          "d3319179-57b5-431b-864f-758a3d1a828d"
        ],
        "x-ms-correlation-request-id": [
          "d3319179-57b5-431b-864f-758a3d1a828d"
        ],
        "x-ms-routing-request-id": [
          "NORTHEUROPE:20190222T022742Z:d3319179-57b5-431b-864f-758a3d1a828d"
        ],
        "Strict-Transport-Security": [
          "max-age=31536000; includeSubDomains"
        ],
        "X-Content-Type-Options": [
          "nosniff"
        ],
        "Date": [
          "Fri, 22 Feb 2019 02:27:42 GMT"
        ],
        "Content-Length": [
          "165"
        ],
        "Content-Type": [
          "application/json; charset=utf-8"
        ],
        "Expires": [
          "-1"
        ]
      },
      "ResponseBody": "{\r\n  \"id\": \"/subscriptions/0e5a46b1-de0b-4ec3-a5d7-dda908b4e076/resourceGroups/ps4864\",\r\n  \"name\": \"ps4864\",\r\n  \"location\": \"westus\",\r\n  \"properties\": {\r\n    \"provisioningState\": \"Succeeded\"\r\n  }\r\n}",
      "StatusCode": 201
    },
    {
      "RequestUri": "/subscriptions/0e5a46b1-de0b-4ec3-a5d7-dda908b4e076/resourceGroups/ps4864/providers/Microsoft.Network/privateDnsZones/ps4267.pstest.test?api-version=2018-09-01",
      "EncodedRequestUri": "L3N1YnNjcmlwdGlvbnMvMGU1YTQ2YjEtZGUwYi00ZWMzLWE1ZDctZGRhOTA4YjRlMDc2L3Jlc291cmNlR3JvdXBzL3BzNDg2NC9wcm92aWRlcnMvTWljcm9zb2Z0Lk5ldHdvcmsvcHJpdmF0ZURuc1pvbmVzL3BzNDI2Ny5wc3Rlc3QudGVzdD9hcGktdmVyc2lvbj0yMDE4LTA5LTAx",
      "RequestMethod": "PUT",
      "RequestBody": "{\r\n  \"tags\": {\r\n    \"tag1\": \"value1\"\r\n  },\r\n  \"location\": \"global\"\r\n}",
      "RequestHeaders": {
        "x-ms-client-request-id": [
          "9584b612-573f-4e3a-b3af-594b4890d69e"
        ],
        "If-None-Match": [
          "*"
        ],
        "Accept-Language": [
          "en-US"
        ],
        "User-Agent": [
          "FxVersion/4.6.27019.06",
          "OSName/Windows",
          "OSVersion/Microsoft.Windows.10.0.17763.",
          "Microsoft.Azure.Management.PrivateDns.PrivateDnsManagementClient/1.0.0.0"
        ],
        "Content-Type": [
          "application/json; charset=utf-8"
        ],
        "Content-Length": [
          "69"
        ]
      },
      "ResponseHeaders": {
        "Cache-Control": [
          "private"
        ],
        "Location": [
          "https://api-dogfood.resources.windows-int.net/subscriptions/0e5a46b1-de0b-4ec3-a5d7-dda908b4e076/resourceGroups/ps4864/providers/Microsoft.Network/privateDnsOperationResults/RnJvbnRFbmRBc3luY09wZXJhdGlvbjtVcHNlcnRQcml2YXRlRG5zWm9uZTs3YTQ4NTE5YS1mMDg4LTQ0OTktODU2NS1hYjJjZjY3ZTQ3ZTc=?api-version=2018-09-01"
        ],
        "Retry-After": [
          "3"
        ],
        "X-Content-Type-Options": [
          "nosniff"
        ],
        "Strict-Transport-Security": [
          "max-age=31536000; includeSubDomains"
        ],
        "Azure-AsyncOperation": [
          "https://api-dogfood.resources.windows-int.net:443/subscriptions/0e5a46b1-de0b-4ec3-a5d7-dda908b4e076/resourceGroups/ps4864/providers/Microsoft.Network/privateDnsOperationStatuses/RnJvbnRFbmRBc3luY09wZXJhdGlvbjtVcHNlcnRQcml2YXRlRG5zWm9uZTs3YTQ4NTE5YS1mMDg4LTQ0OTktODU2NS1hYjJjZjY3ZTQ3ZTc=?api-version=2018-09-01"
        ],
        "x-ms-request-id": [
          "9584b612-573f-4e3a-b3af-594b4890d69e"
        ],
        "Server": [
          "Microsoft-IIS/10.0"
        ],
        "X-AspNet-Version": [
          "4.0.30319"
        ],
        "X-Powered-By": [
          "ASP.NET"
        ],
        "x-ms-ratelimit-remaining-subscription-resource-requests": [
          "11998"
        ],
        "x-ms-correlation-request-id": [
          "faf357b4-e173-4c6b-99f7-fdf1a93b5cab"
        ],
        "x-ms-routing-request-id": [
          "NORTHEUROPE:20190222T022744Z:faf357b4-e173-4c6b-99f7-fdf1a93b5cab"
        ],
        "Date": [
          "Fri, 22 Feb 2019 02:27:43 GMT"
        ],
        "Content-Length": [
          "2"
        ],
        "Content-Type": [
          "application/json; charset=utf-8"
        ]
      },
      "ResponseBody": "{}",
      "StatusCode": 202
    },
    {
      "RequestUri": "/subscriptions/0e5a46b1-de0b-4ec3-a5d7-dda908b4e076/resourceGroups/ps4864/providers/Microsoft.Network/privateDnsOperationStatuses/RnJvbnRFbmRBc3luY09wZXJhdGlvbjtVcHNlcnRQcml2YXRlRG5zWm9uZTs3YTQ4NTE5YS1mMDg4LTQ0OTktODU2NS1hYjJjZjY3ZTQ3ZTc=?api-version=2018-09-01",
      "EncodedRequestUri": "L3N1YnNjcmlwdGlvbnMvMGU1YTQ2YjEtZGUwYi00ZWMzLWE1ZDctZGRhOTA4YjRlMDc2L3Jlc291cmNlR3JvdXBzL3BzNDg2NC9wcm92aWRlcnMvTWljcm9zb2Z0Lk5ldHdvcmsvcHJpdmF0ZURuc09wZXJhdGlvblN0YXR1c2VzL1JuSnZiblJGYm1SQmMzbHVZMDl3WlhKaGRHbHZianRWY0hObGNuUlFjbWwyWVhSbFJHNXpXbTl1WlRzM1lUUTROVEU1WVMxbU1EZzRMVFEwT1RrdE9EVTJOUzFoWWpKalpqWTNaVFEzWlRjPT9hcGktdmVyc2lvbj0yMDE4LTA5LTAx",
      "RequestMethod": "GET",
      "RequestBody": "",
      "RequestHeaders": {
        "User-Agent": [
          "FxVersion/4.6.27019.06",
          "OSName/Windows",
          "OSVersion/Microsoft.Windows.10.0.17763.",
          "Microsoft.Azure.Management.PrivateDns.PrivateDnsManagementClient/1.0.0.0"
        ]
      },
      "ResponseHeaders": {
        "Cache-Control": [
          "private"
        ],
        "Location": [
          "https://api-dogfood.resources.windows-int.net/subscriptions/0e5a46b1-de0b-4ec3-a5d7-dda908b4e076/resourceGroups/ps4864/providers/Microsoft.Network/privateDnsOperationResults/RnJvbnRFbmRBc3luY09wZXJhdGlvbjtVcHNlcnRQcml2YXRlRG5zWm9uZTs3YTQ4NTE5YS1mMDg4LTQ0OTktODU2NS1hYjJjZjY3ZTQ3ZTc=?api-version=2018-09-01"
        ],
        "Retry-After": [
          "3"
        ],
        "X-Content-Type-Options": [
          "nosniff"
        ],
        "Strict-Transport-Security": [
          "max-age=31536000; includeSubDomains"
        ],
        "Azure-AsyncOperation": [
          "https://api-dogfood.resources.windows-int.net:443/subscriptions/0e5a46b1-de0b-4ec3-a5d7-dda908b4e076/resourceGroups/ps4864/providers/Microsoft.Network/privateDnsOperationStatuses/RnJvbnRFbmRBc3luY09wZXJhdGlvbjtVcHNlcnRQcml2YXRlRG5zWm9uZTs3YTQ4NTE5YS1mMDg4LTQ0OTktODU2NS1hYjJjZjY3ZTQ3ZTc=?api-version=2018-09-01"
        ],
        "x-ms-request-id": [
          "825e1708-19fd-4b51-9732-598c4b6535ca"
        ],
        "Server": [
          "Microsoft-IIS/10.0"
        ],
        "X-AspNet-Version": [
          "4.0.30319"
        ],
        "X-Powered-By": [
          "ASP.NET"
        ],
        "x-ms-ratelimit-remaining-subscription-resource-requests": [
          "11987"
        ],
        "x-ms-correlation-request-id": [
          "2f73bb5b-b835-4d62-9f5f-3677fb97f2c3"
        ],
        "x-ms-routing-request-id": [
          "NORTHEUROPE:20190222T022747Z:2f73bb5b-b835-4d62-9f5f-3677fb97f2c3"
        ],
        "Date": [
          "Fri, 22 Feb 2019 02:27:46 GMT"
        ],
        "Content-Length": [
          "23"
        ],
        "Content-Type": [
          "application/json; charset=utf-8"
        ]
      },
      "ResponseBody": "{\r\n  \"status\": \"InProgress\"\r\n}",
      "StatusCode": 202
    },
    {
      "RequestUri": "/subscriptions/0e5a46b1-de0b-4ec3-a5d7-dda908b4e076/resourceGroups/ps4864/providers/Microsoft.Network/privateDnsOperationStatuses/RnJvbnRFbmRBc3luY09wZXJhdGlvbjtVcHNlcnRQcml2YXRlRG5zWm9uZTs3YTQ4NTE5YS1mMDg4LTQ0OTktODU2NS1hYjJjZjY3ZTQ3ZTc=?api-version=2018-09-01",
      "EncodedRequestUri": "L3N1YnNjcmlwdGlvbnMvMGU1YTQ2YjEtZGUwYi00ZWMzLWE1ZDctZGRhOTA4YjRlMDc2L3Jlc291cmNlR3JvdXBzL3BzNDg2NC9wcm92aWRlcnMvTWljcm9zb2Z0Lk5ldHdvcmsvcHJpdmF0ZURuc09wZXJhdGlvblN0YXR1c2VzL1JuSnZiblJGYm1SQmMzbHVZMDl3WlhKaGRHbHZianRWY0hObGNuUlFjbWwyWVhSbFJHNXpXbTl1WlRzM1lUUTROVEU1WVMxbU1EZzRMVFEwT1RrdE9EVTJOUzFoWWpKalpqWTNaVFEzWlRjPT9hcGktdmVyc2lvbj0yMDE4LTA5LTAx",
      "RequestMethod": "GET",
      "RequestBody": "",
      "RequestHeaders": {
        "User-Agent": [
          "FxVersion/4.6.27019.06",
          "OSName/Windows",
          "OSVersion/Microsoft.Windows.10.0.17763.",
          "Microsoft.Azure.Management.PrivateDns.PrivateDnsManagementClient/1.0.0.0"
        ]
      },
      "ResponseHeaders": {
        "Cache-Control": [
          "private"
        ],
        "Location": [
          "https://api-dogfood.resources.windows-int.net/subscriptions/0e5a46b1-de0b-4ec3-a5d7-dda908b4e076/resourceGroups/ps4864/providers/Microsoft.Network/privateDnsOperationResults/RnJvbnRFbmRBc3luY09wZXJhdGlvbjtVcHNlcnRQcml2YXRlRG5zWm9uZTs3YTQ4NTE5YS1mMDg4LTQ0OTktODU2NS1hYjJjZjY3ZTQ3ZTc=?api-version=2018-09-01"
        ],
        "Retry-After": [
          "3"
        ],
        "X-Content-Type-Options": [
          "nosniff"
        ],
        "Strict-Transport-Security": [
          "max-age=31536000; includeSubDomains"
        ],
        "Azure-AsyncOperation": [
          "https://api-dogfood.resources.windows-int.net:443/subscriptions/0e5a46b1-de0b-4ec3-a5d7-dda908b4e076/resourceGroups/ps4864/providers/Microsoft.Network/privateDnsOperationStatuses/RnJvbnRFbmRBc3luY09wZXJhdGlvbjtVcHNlcnRQcml2YXRlRG5zWm9uZTs3YTQ4NTE5YS1mMDg4LTQ0OTktODU2NS1hYjJjZjY3ZTQ3ZTc=?api-version=2018-09-01"
        ],
        "x-ms-request-id": [
          "91666b83-2002-4c9a-a7d8-38401581adb5"
        ],
        "Server": [
          "Microsoft-IIS/10.0"
        ],
        "X-AspNet-Version": [
          "4.0.30319"
        ],
        "X-Powered-By": [
          "ASP.NET"
        ],
        "x-ms-ratelimit-remaining-subscription-resource-requests": [
          "11986"
        ],
        "x-ms-correlation-request-id": [
          "4b35df59-f00d-43f3-9728-b94504da8505"
        ],
        "x-ms-routing-request-id": [
          "NORTHEUROPE:20190222T022750Z:4b35df59-f00d-43f3-9728-b94504da8505"
        ],
        "Date": [
          "Fri, 22 Feb 2019 02:27:49 GMT"
        ],
        "Content-Length": [
          "23"
        ],
        "Content-Type": [
          "application/json; charset=utf-8"
        ]
      },
      "ResponseBody": "{\r\n  \"status\": \"InProgress\"\r\n}",
      "StatusCode": 202
    },
    {
      "RequestUri": "/subscriptions/0e5a46b1-de0b-4ec3-a5d7-dda908b4e076/resourceGroups/ps4864/providers/Microsoft.Network/privateDnsOperationStatuses/RnJvbnRFbmRBc3luY09wZXJhdGlvbjtVcHNlcnRQcml2YXRlRG5zWm9uZTs3YTQ4NTE5YS1mMDg4LTQ0OTktODU2NS1hYjJjZjY3ZTQ3ZTc=?api-version=2018-09-01",
      "EncodedRequestUri": "L3N1YnNjcmlwdGlvbnMvMGU1YTQ2YjEtZGUwYi00ZWMzLWE1ZDctZGRhOTA4YjRlMDc2L3Jlc291cmNlR3JvdXBzL3BzNDg2NC9wcm92aWRlcnMvTWljcm9zb2Z0Lk5ldHdvcmsvcHJpdmF0ZURuc09wZXJhdGlvblN0YXR1c2VzL1JuSnZiblJGYm1SQmMzbHVZMDl3WlhKaGRHbHZianRWY0hObGNuUlFjbWwyWVhSbFJHNXpXbTl1WlRzM1lUUTROVEU1WVMxbU1EZzRMVFEwT1RrdE9EVTJOUzFoWWpKalpqWTNaVFEzWlRjPT9hcGktdmVyc2lvbj0yMDE4LTA5LTAx",
      "RequestMethod": "GET",
      "RequestBody": "",
      "RequestHeaders": {
        "User-Agent": [
          "FxVersion/4.6.27019.06",
          "OSName/Windows",
          "OSVersion/Microsoft.Windows.10.0.17763.",
          "Microsoft.Azure.Management.PrivateDns.PrivateDnsManagementClient/1.0.0.0"
        ]
      },
      "ResponseHeaders": {
        "Cache-Control": [
          "private"
        ],
        "Location": [
          "https://api-dogfood.resources.windows-int.net/subscriptions/0e5a46b1-de0b-4ec3-a5d7-dda908b4e076/resourceGroups/ps4864/providers/Microsoft.Network/privateDnsOperationResults/RnJvbnRFbmRBc3luY09wZXJhdGlvbjtVcHNlcnRQcml2YXRlRG5zWm9uZTs3YTQ4NTE5YS1mMDg4LTQ0OTktODU2NS1hYjJjZjY3ZTQ3ZTc=?api-version=2018-09-01"
        ],
        "Retry-After": [
          "3"
        ],
        "X-Content-Type-Options": [
          "nosniff"
        ],
        "Strict-Transport-Security": [
          "max-age=31536000; includeSubDomains"
        ],
        "Azure-AsyncOperation": [
          "https://api-dogfood.resources.windows-int.net:443/subscriptions/0e5a46b1-de0b-4ec3-a5d7-dda908b4e076/resourceGroups/ps4864/providers/Microsoft.Network/privateDnsOperationStatuses/RnJvbnRFbmRBc3luY09wZXJhdGlvbjtVcHNlcnRQcml2YXRlRG5zWm9uZTs3YTQ4NTE5YS1mMDg4LTQ0OTktODU2NS1hYjJjZjY3ZTQ3ZTc=?api-version=2018-09-01"
        ],
        "x-ms-request-id": [
          "64fd210a-9a30-4ade-b4f4-1118d78e5002"
        ],
        "Server": [
          "Microsoft-IIS/10.0"
        ],
        "X-AspNet-Version": [
          "4.0.30319"
        ],
        "X-Powered-By": [
          "ASP.NET"
        ],
        "x-ms-ratelimit-remaining-subscription-resource-requests": [
          "11985"
        ],
        "x-ms-correlation-request-id": [
          "45d70df4-4191-4ea3-b533-be6696264b76"
        ],
        "x-ms-routing-request-id": [
          "NORTHEUROPE:20190222T022753Z:45d70df4-4191-4ea3-b533-be6696264b76"
        ],
        "Date": [
          "Fri, 22 Feb 2019 02:27:53 GMT"
        ],
        "Content-Length": [
          "23"
        ],
        "Content-Type": [
          "application/json; charset=utf-8"
        ]
      },
      "ResponseBody": "{\r\n  \"status\": \"InProgress\"\r\n}",
      "StatusCode": 202
    },
    {
      "RequestUri": "/subscriptions/0e5a46b1-de0b-4ec3-a5d7-dda908b4e076/resourceGroups/ps4864/providers/Microsoft.Network/privateDnsOperationStatuses/RnJvbnRFbmRBc3luY09wZXJhdGlvbjtVcHNlcnRQcml2YXRlRG5zWm9uZTs3YTQ4NTE5YS1mMDg4LTQ0OTktODU2NS1hYjJjZjY3ZTQ3ZTc=?api-version=2018-09-01",
      "EncodedRequestUri": "L3N1YnNjcmlwdGlvbnMvMGU1YTQ2YjEtZGUwYi00ZWMzLWE1ZDctZGRhOTA4YjRlMDc2L3Jlc291cmNlR3JvdXBzL3BzNDg2NC9wcm92aWRlcnMvTWljcm9zb2Z0Lk5ldHdvcmsvcHJpdmF0ZURuc09wZXJhdGlvblN0YXR1c2VzL1JuSnZiblJGYm1SQmMzbHVZMDl3WlhKaGRHbHZianRWY0hObGNuUlFjbWwyWVhSbFJHNXpXbTl1WlRzM1lUUTROVEU1WVMxbU1EZzRMVFEwT1RrdE9EVTJOUzFoWWpKalpqWTNaVFEzWlRjPT9hcGktdmVyc2lvbj0yMDE4LTA5LTAx",
      "RequestMethod": "GET",
      "RequestBody": "",
      "RequestHeaders": {
        "User-Agent": [
          "FxVersion/4.6.27019.06",
          "OSName/Windows",
          "OSVersion/Microsoft.Windows.10.0.17763.",
          "Microsoft.Azure.Management.PrivateDns.PrivateDnsManagementClient/1.0.0.0"
        ]
      },
      "ResponseHeaders": {
        "Cache-Control": [
          "private"
        ],
        "Location": [
          "https://api-dogfood.resources.windows-int.net/subscriptions/0e5a46b1-de0b-4ec3-a5d7-dda908b4e076/resourceGroups/ps4864/providers/Microsoft.Network/privateDnsOperationResults/RnJvbnRFbmRBc3luY09wZXJhdGlvbjtVcHNlcnRQcml2YXRlRG5zWm9uZTs3YTQ4NTE5YS1mMDg4LTQ0OTktODU2NS1hYjJjZjY3ZTQ3ZTc=?api-version=2018-09-01"
        ],
        "Retry-After": [
          "3"
        ],
        "X-Content-Type-Options": [
          "nosniff"
        ],
        "Strict-Transport-Security": [
          "max-age=31536000; includeSubDomains"
        ],
        "Azure-AsyncOperation": [
          "https://api-dogfood.resources.windows-int.net:443/subscriptions/0e5a46b1-de0b-4ec3-a5d7-dda908b4e076/resourceGroups/ps4864/providers/Microsoft.Network/privateDnsOperationStatuses/RnJvbnRFbmRBc3luY09wZXJhdGlvbjtVcHNlcnRQcml2YXRlRG5zWm9uZTs3YTQ4NTE5YS1mMDg4LTQ0OTktODU2NS1hYjJjZjY3ZTQ3ZTc=?api-version=2018-09-01"
        ],
        "x-ms-request-id": [
          "ddfb82a0-f659-429f-b7bc-f78cef3a4ee1"
        ],
        "Server": [
          "Microsoft-IIS/10.0"
        ],
        "X-AspNet-Version": [
          "4.0.30319"
        ],
        "X-Powered-By": [
          "ASP.NET"
        ],
        "x-ms-ratelimit-remaining-subscription-resource-requests": [
          "11984"
        ],
        "x-ms-correlation-request-id": [
          "83663389-d892-4f29-94ff-90750d04fbf4"
        ],
        "x-ms-routing-request-id": [
          "NORTHEUROPE:20190222T022757Z:83663389-d892-4f29-94ff-90750d04fbf4"
        ],
        "Date": [
          "Fri, 22 Feb 2019 02:27:57 GMT"
        ],
        "Content-Length": [
          "23"
        ],
        "Content-Type": [
          "application/json; charset=utf-8"
        ]
      },
      "ResponseBody": "{\r\n  \"status\": \"InProgress\"\r\n}",
      "StatusCode": 202
    },
    {
      "RequestUri": "/subscriptions/0e5a46b1-de0b-4ec3-a5d7-dda908b4e076/resourceGroups/ps4864/providers/Microsoft.Network/privateDnsOperationStatuses/RnJvbnRFbmRBc3luY09wZXJhdGlvbjtVcHNlcnRQcml2YXRlRG5zWm9uZTs3YTQ4NTE5YS1mMDg4LTQ0OTktODU2NS1hYjJjZjY3ZTQ3ZTc=?api-version=2018-09-01",
      "EncodedRequestUri": "L3N1YnNjcmlwdGlvbnMvMGU1YTQ2YjEtZGUwYi00ZWMzLWE1ZDctZGRhOTA4YjRlMDc2L3Jlc291cmNlR3JvdXBzL3BzNDg2NC9wcm92aWRlcnMvTWljcm9zb2Z0Lk5ldHdvcmsvcHJpdmF0ZURuc09wZXJhdGlvblN0YXR1c2VzL1JuSnZiblJGYm1SQmMzbHVZMDl3WlhKaGRHbHZianRWY0hObGNuUlFjbWwyWVhSbFJHNXpXbTl1WlRzM1lUUTROVEU1WVMxbU1EZzRMVFEwT1RrdE9EVTJOUzFoWWpKalpqWTNaVFEzWlRjPT9hcGktdmVyc2lvbj0yMDE4LTA5LTAx",
      "RequestMethod": "GET",
      "RequestBody": "",
      "RequestHeaders": {
        "User-Agent": [
          "FxVersion/4.6.27019.06",
          "OSName/Windows",
          "OSVersion/Microsoft.Windows.10.0.17763.",
          "Microsoft.Azure.Management.PrivateDns.PrivateDnsManagementClient/1.0.0.0"
        ]
      },
      "ResponseHeaders": {
        "Cache-Control": [
          "private"
        ],
        "Location": [
          "https://api-dogfood.resources.windows-int.net/subscriptions/0e5a46b1-de0b-4ec3-a5d7-dda908b4e076/resourceGroups/ps4864/providers/Microsoft.Network/privateDnsOperationResults/RnJvbnRFbmRBc3luY09wZXJhdGlvbjtVcHNlcnRQcml2YXRlRG5zWm9uZTs3YTQ4NTE5YS1mMDg4LTQ0OTktODU2NS1hYjJjZjY3ZTQ3ZTc=?api-version=2018-09-01"
        ],
        "Retry-After": [
          "3"
        ],
        "X-Content-Type-Options": [
          "nosniff"
        ],
        "Strict-Transport-Security": [
          "max-age=31536000; includeSubDomains"
        ],
        "Azure-AsyncOperation": [
          "https://api-dogfood.resources.windows-int.net:443/subscriptions/0e5a46b1-de0b-4ec3-a5d7-dda908b4e076/resourceGroups/ps4864/providers/Microsoft.Network/privateDnsOperationStatuses/RnJvbnRFbmRBc3luY09wZXJhdGlvbjtVcHNlcnRQcml2YXRlRG5zWm9uZTs3YTQ4NTE5YS1mMDg4LTQ0OTktODU2NS1hYjJjZjY3ZTQ3ZTc=?api-version=2018-09-01"
        ],
        "x-ms-request-id": [
          "7a85d2fb-134e-4585-ab62-18445de4b196"
        ],
        "Server": [
          "Microsoft-IIS/10.0"
        ],
        "X-AspNet-Version": [
          "4.0.30319"
        ],
        "X-Powered-By": [
          "ASP.NET"
        ],
        "x-ms-ratelimit-remaining-subscription-resource-requests": [
          "11983"
        ],
        "x-ms-correlation-request-id": [
          "c2381a77-4f8b-40ff-bb4e-0411c0e9b7ba"
        ],
        "x-ms-routing-request-id": [
          "NORTHEUROPE:20190222T022800Z:c2381a77-4f8b-40ff-bb4e-0411c0e9b7ba"
        ],
        "Date": [
          "Fri, 22 Feb 2019 02:28:00 GMT"
        ],
        "Content-Length": [
          "23"
        ],
        "Content-Type": [
          "application/json; charset=utf-8"
        ]
      },
      "ResponseBody": "{\r\n  \"status\": \"InProgress\"\r\n}",
      "StatusCode": 202
    },
    {
      "RequestUri": "/subscriptions/0e5a46b1-de0b-4ec3-a5d7-dda908b4e076/resourceGroups/ps4864/providers/Microsoft.Network/privateDnsOperationStatuses/RnJvbnRFbmRBc3luY09wZXJhdGlvbjtVcHNlcnRQcml2YXRlRG5zWm9uZTs3YTQ4NTE5YS1mMDg4LTQ0OTktODU2NS1hYjJjZjY3ZTQ3ZTc=?api-version=2018-09-01",
      "EncodedRequestUri": "L3N1YnNjcmlwdGlvbnMvMGU1YTQ2YjEtZGUwYi00ZWMzLWE1ZDctZGRhOTA4YjRlMDc2L3Jlc291cmNlR3JvdXBzL3BzNDg2NC9wcm92aWRlcnMvTWljcm9zb2Z0Lk5ldHdvcmsvcHJpdmF0ZURuc09wZXJhdGlvblN0YXR1c2VzL1JuSnZiblJGYm1SQmMzbHVZMDl3WlhKaGRHbHZianRWY0hObGNuUlFjbWwyWVhSbFJHNXpXbTl1WlRzM1lUUTROVEU1WVMxbU1EZzRMVFEwT1RrdE9EVTJOUzFoWWpKalpqWTNaVFEzWlRjPT9hcGktdmVyc2lvbj0yMDE4LTA5LTAx",
      "RequestMethod": "GET",
      "RequestBody": "",
      "RequestHeaders": {
        "User-Agent": [
          "FxVersion/4.6.27019.06",
          "OSName/Windows",
          "OSVersion/Microsoft.Windows.10.0.17763.",
          "Microsoft.Azure.Management.PrivateDns.PrivateDnsManagementClient/1.0.0.0"
        ]
      },
      "ResponseHeaders": {
        "Cache-Control": [
          "private"
        ],
        "X-Content-Type-Options": [
          "nosniff"
        ],
        "Strict-Transport-Security": [
          "max-age=31536000; includeSubDomains"
        ],
        "x-ms-request-id": [
          "9ea6a60a-06c0-4d95-a754-a5996d80d79b"
        ],
        "Server": [
          "Microsoft-IIS/10.0"
        ],
        "X-AspNet-Version": [
          "4.0.30319"
        ],
        "X-Powered-By": [
          "ASP.NET"
        ],
        "x-ms-ratelimit-remaining-subscription-resource-requests": [
          "11982"
        ],
        "x-ms-correlation-request-id": [
          "d6c9468b-b33a-44ac-aeea-df9037571387"
        ],
        "x-ms-routing-request-id": [
          "NORTHEUROPE:20190222T022803Z:d6c9468b-b33a-44ac-aeea-df9037571387"
        ],
        "Date": [
          "Fri, 22 Feb 2019 02:28:03 GMT"
        ],
        "Content-Length": [
          "22"
        ],
        "Content-Type": [
          "application/json; charset=utf-8"
        ]
      },
      "ResponseBody": "{\r\n  \"status\": \"Succeeded\"\r\n}",
      "StatusCode": 200
    },
    {
      "RequestUri": "/subscriptions/0e5a46b1-de0b-4ec3-a5d7-dda908b4e076/resourceGroups/ps4864/providers/Microsoft.Network/privateDnsZones/ps4267.pstest.test?api-version=2018-09-01",
      "EncodedRequestUri": "L3N1YnNjcmlwdGlvbnMvMGU1YTQ2YjEtZGUwYi00ZWMzLWE1ZDctZGRhOTA4YjRlMDc2L3Jlc291cmNlR3JvdXBzL3BzNDg2NC9wcm92aWRlcnMvTWljcm9zb2Z0Lk5ldHdvcmsvcHJpdmF0ZURuc1pvbmVzL3BzNDI2Ny5wc3Rlc3QudGVzdD9hcGktdmVyc2lvbj0yMDE4LTA5LTAx",
      "RequestMethod": "GET",
      "RequestBody": "",
      "RequestHeaders": {
        "User-Agent": [
          "FxVersion/4.6.27019.06",
          "OSName/Windows",
          "OSVersion/Microsoft.Windows.10.0.17763.",
          "Microsoft.Azure.Management.PrivateDns.PrivateDnsManagementClient/1.0.0.0"
        ]
      },
      "ResponseHeaders": {
        "Cache-Control": [
          "private"
        ],
        "ETag": [
          "9dae4298-9090-4fa5-9e12-e78252025f28"
        ],
        "X-Content-Type-Options": [
          "nosniff"
        ],
        "Strict-Transport-Security": [
          "max-age=31536000; includeSubDomains"
        ],
        "x-ms-request-id": [
          "8e191d6f-8177-40d8-b7a9-342fc9a754d5"
        ],
        "Server": [
          "Microsoft-IIS/10.0"
        ],
        "X-AspNet-Version": [
          "4.0.30319"
        ],
        "X-Powered-By": [
          "ASP.NET"
        ],
        "x-ms-ratelimit-remaining-subscription-resource-requests": [
          "11991"
        ],
        "x-ms-correlation-request-id": [
          "126ecaab-63c2-490b-b50f-999cead1839f"
        ],
        "x-ms-routing-request-id": [
          "NORTHEUROPE:20190222T022803Z:126ecaab-63c2-490b-b50f-999cead1839f"
        ],
        "Date": [
          "Fri, 22 Feb 2019 02:28:03 GMT"
        ],
        "Content-Length": [
          "582"
        ],
        "Content-Type": [
          "application/json; charset=utf-8"
        ]
      },
      "ResponseBody": "{\r\n  \"id\": \"/subscriptions/0e5a46b1-de0b-4ec3-a5d7-dda908b4e076/resourceGroups/ps4864/providers/Microsoft.Network/privateDnsZones/ps4267.pstest.test\",\r\n  \"name\": \"ps4267.pstest.test\",\r\n  \"type\": \"Microsoft.Network/privateDnsZones\",\r\n  \"etag\": \"9dae4298-9090-4fa5-9e12-e78252025f28\",\r\n  \"location\": \"global\",\r\n  \"tags\": {\r\n    \"tag1\": \"value1\"\r\n  },\r\n  \"properties\": {\r\n    \"maxNumberOfRecordSets\": 5000,\r\n    \"maxNumberOfVirtualNetworkLinks\": 10,\r\n    \"maxNumberOfVirtualNetworkLinksWithRegistration\": 1,\r\n    \"numberOfRecordSets\": 1,\r\n    \"numberOfVirtualNetworkLinks\": 0,\r\n    \"numberOfVirtualNetworkLinksWithRegistration\": 0,\r\n    \"provisioningState\": \"Succeeded\"\r\n  }\r\n}",
      "StatusCode": 200
    },
    {
      "RequestUri": "/subscriptions/0e5a46b1-de0b-4ec3-a5d7-dda908b4e076/providers/microsoft.network?api-version=2016-09-01",
      "EncodedRequestUri": "L3N1YnNjcmlwdGlvbnMvMGU1YTQ2YjEtZGUwYi00ZWMzLWE1ZDctZGRhOTA4YjRlMDc2L3Byb3ZpZGVycy9taWNyb3NvZnQubmV0d29yaz9hcGktdmVyc2lvbj0yMDE2LTA5LTAx",
      "RequestMethod": "GET",
      "RequestBody": "",
      "RequestHeaders": {
        "x-ms-client-request-id": [
          "8c1e45d5-1746-485f-bbd1-20b2414a0c9d"
        ],
        "Accept-Language": [
          "en-US"
        ],
        "User-Agent": [
          "FxVersion/4.6.27019.06",
          "OSName/Windows",
          "OSVersion/Microsoft.Windows.10.0.17763.",
          "Microsoft.Azure.Management.Internal.Resources.ResourceManagementClient/1.1.16"
        ]
      },
      "ResponseHeaders": {
        "Cache-Control": [
          "no-cache"
        ],
        "Pragma": [
          "no-cache"
        ],
        "x-ms-ratelimit-remaining-subscription-reads": [
          "14978"
        ],
        "x-ms-request-id": [
          "58a1445a-9bde-4dfd-8f43-9a8a64712653"
        ],
        "x-ms-correlation-request-id": [
          "58a1445a-9bde-4dfd-8f43-9a8a64712653"
        ],
        "x-ms-routing-request-id": [
          "NORTHEUROPE:20190222T022804Z:58a1445a-9bde-4dfd-8f43-9a8a64712653"
        ],
        "Strict-Transport-Security": [
          "max-age=31536000; includeSubDomains"
        ],
        "X-Content-Type-Options": [
          "nosniff"
        ],
        "Date": [
          "Fri, 22 Feb 2019 02:28:03 GMT"
        ],
        "Content-Type": [
          "application/json; charset=utf-8"
        ],
        "Expires": [
          "-1"
        ],
        "Content-Length": [
          "27630"
        ]
      },
      "ResponseBody": "{\r\n  \"id\": \"/subscriptions/0e5a46b1-de0b-4ec3-a5d7-dda908b4e076/providers/microsoft.network\",\r\n  \"namespace\": \"microsoft.network\",\r\n  \"authorizations\": [\r\n    {\r\n      \"applicationId\": \"2cf9eb86-36b5-49dc-86ae-9a63135dfa8c\",\r\n      \"roleDefinitionId\": \"13ba9ab4-19f0-4804-adc4-14ece36cc7a1\"\r\n    },\r\n    {\r\n      \"applicationId\": \"7c33bfcb-8d33-48d6-8e60-dc6404003489\",\r\n      \"roleDefinitionId\": \"ad6261e4-fa9a-4642-aa5f-104f1b67e9e3\"\r\n    },\r\n    {\r\n      \"applicationId\": \"1e3e4475-288f-4018-a376-df66fd7fac5f\",\r\n      \"roleDefinitionId\": \"1d538b69-3d87-4e56-8ff8-25786fd48261\"\r\n    },\r\n    {\r\n      \"applicationId\": \"a0be0c72-870e-46f0-9c49-c98333a996f7\",\r\n      \"roleDefinitionId\": \"7ce22727-ffce-45a9-930c-ddb2e56fa131\"\r\n    },\r\n    {\r\n      \"applicationId\": \"486c78bf-a0f7-45f1-92fd-37215929e116\",\r\n      \"roleDefinitionId\": \"1a0c88c6-37ef-442c-b3ed-992e0f26331e\"\r\n    },\r\n    {\r\n      \"applicationId\": \"19947cfd-0303-466c-ac3c-fcc19a7a1570\",\r\n      \"roleDefinitionId\": \"d813ab6c-bfb7-413e-9462-005b21f0ce09\"\r\n    }\r\n  ],\r\n  \"resourceTypes\": [\r\n    {\r\n      \"resourceType\": \"trafficmanagerprofiles\",\r\n      \"locations\": [\r\n        \"global\"\r\n      ],\r\n      \"apiVersions\": [\r\n        \"2018-08-01\",\r\n        \"2018-04-01\",\r\n        \"2018-03-01\",\r\n        \"2018-02-01\",\r\n        \"2017-05-01\",\r\n        \"2017-03-01\",\r\n        \"2015-11-01\",\r\n        \"2015-04-28-preview\"\r\n      ],\r\n      \"capabilities\": \"CrossResourceGroupResourceMove, CrossSubscriptionResourceMove\"\r\n    },\r\n    {\r\n      \"resourceType\": \"trafficmanagerprofiles/heatMaps\",\r\n      \"locations\": [\r\n        \"global\"\r\n      ],\r\n      \"apiVersions\": [\r\n        \"2018-08-01\",\r\n        \"2018-04-01\",\r\n        \"2018-03-01\",\r\n        \"2018-02-01\",\r\n        \"2017-09-01-preview\"\r\n      ]\r\n    },\r\n    {\r\n      \"resourceType\": \"trafficManagerUserMetricsKeys\",\r\n      \"locations\": [\r\n        \"global\"\r\n      ],\r\n      \"apiVersions\": [\r\n        \"2018-08-01\",\r\n        \"2017-09-01-preview\"\r\n      ]\r\n    },\r\n    {\r\n      \"resourceType\": \"dnszones\",\r\n      \"locations\": [\r\n        \"global\"\r\n      ],\r\n      \"apiVersions\": [\r\n        \"2018-05-01\",\r\n        \"2018-03-01-preview\",\r\n        \"2017-10-01\",\r\n        \"2017-09-15-preview\",\r\n        \"2017-09-01\",\r\n        \"2016-07-01\",\r\n        \"2016-04-01\",\r\n        \"2015-05-04-preview\"\r\n      ],\r\n      \"capabilities\": \"CrossResourceGroupResourceMove, CrossSubscriptionResourceMove\"\r\n    },\r\n    {\r\n      \"resourceType\": \"dnsOperationResults\",\r\n      \"locations\": [\r\n        \"global\"\r\n      ],\r\n      \"apiVersions\": [\r\n        \"2018-05-01\",\r\n        \"2018-03-01-preview\",\r\n        \"2017-10-01\",\r\n        \"2017-09-15-preview\",\r\n        \"2017-09-01\",\r\n        \"2016-07-01\",\r\n        \"2016-04-01\"\r\n      ]\r\n    },\r\n    {\r\n      \"resourceType\": \"dnsOperationStatuses\",\r\n      \"locations\": [\r\n        \"global\"\r\n      ],\r\n      \"apiVersions\": [\r\n        \"2018-05-01\",\r\n        \"2018-03-01-preview\",\r\n        \"2017-10-01\",\r\n        \"2017-09-15-preview\",\r\n        \"2017-09-01\",\r\n        \"2016-07-01\",\r\n        \"2016-04-01\"\r\n      ]\r\n    },\r\n    {\r\n      \"resourceType\": \"getDnsResourceReference\",\r\n      \"locations\": [\r\n        \"global\"\r\n      ],\r\n      \"apiVersions\": [\r\n        \"2018-05-01\",\r\n        \"2018-03-01-preview\",\r\n        \"2017-10-01\",\r\n        \"2017-09-15-preview\",\r\n        \"2017-09-01\",\r\n        \"2016-07-01\",\r\n        \"2016-04-01\"\r\n      ]\r\n    },\r\n    {\r\n      \"resourceType\": \"internalNotify\",\r\n      \"locations\": [\r\n        \"global\"\r\n      ],\r\n      \"apiVersions\": [\r\n        \"2018-05-01\",\r\n        \"2018-03-01-preview\",\r\n        \"2017-10-01\",\r\n        \"2017-09-15-preview\",\r\n        \"2017-09-01\",\r\n        \"2016-07-01\",\r\n        \"2016-04-01\"\r\n      ]\r\n    },\r\n    {\r\n      \"resourceType\": \"dnszones/A\",\r\n      \"locations\": [\r\n        \"global\"\r\n      ],\r\n      \"apiVersions\": [\r\n        \"2018-05-01\",\r\n        \"2018-03-01-preview\",\r\n        \"2017-10-01\",\r\n        \"2017-09-15-preview\",\r\n        \"2017-09-01\",\r\n        \"2016-07-01\",\r\n        \"2016-04-01\",\r\n        \"2015-05-04-preview\"\r\n      ]\r\n    },\r\n    {\r\n      \"resourceType\": \"dnszones/AAAA\",\r\n      \"locations\": [\r\n        \"global\"\r\n      ],\r\n      \"apiVersions\": [\r\n        \"2018-05-01\",\r\n        \"2018-03-01-preview\",\r\n        \"2017-10-01\",\r\n        \"2017-09-15-preview\",\r\n        \"2017-09-01\",\r\n        \"2016-07-01\",\r\n        \"2016-04-01\",\r\n        \"2015-05-04-preview\"\r\n      ]\r\n    },\r\n    {\r\n      \"resourceType\": \"dnszones/CNAME\",\r\n      \"locations\": [\r\n        \"global\"\r\n      ],\r\n      \"apiVersions\": [\r\n        \"2018-05-01\",\r\n        \"2018-03-01-preview\",\r\n        \"2017-10-01\",\r\n        \"2017-09-15-preview\",\r\n        \"2017-09-01\",\r\n        \"2016-07-01\",\r\n        \"2016-04-01\",\r\n        \"2015-05-04-preview\"\r\n      ]\r\n    },\r\n    {\r\n      \"resourceType\": \"dnszones/PTR\",\r\n      \"locations\": [\r\n        \"global\"\r\n      ],\r\n      \"apiVersions\": [\r\n        \"2018-05-01\",\r\n        \"2018-03-01-preview\",\r\n        \"2017-10-01\",\r\n        \"2017-09-15-preview\",\r\n        \"2017-09-01\",\r\n        \"2016-07-01\",\r\n        \"2016-04-01\",\r\n        \"2015-05-04-preview\"\r\n      ]\r\n    },\r\n    {\r\n      \"resourceType\": \"dnszones/MX\",\r\n      \"locations\": [\r\n        \"global\"\r\n      ],\r\n      \"apiVersions\": [\r\n        \"2018-05-01\",\r\n        \"2018-03-01-preview\",\r\n        \"2017-10-01\",\r\n        \"2017-09-15-preview\",\r\n        \"2017-09-01\",\r\n        \"2016-07-01\",\r\n        \"2016-04-01\",\r\n        \"2015-05-04-preview\"\r\n      ]\r\n    },\r\n    {\r\n      \"resourceType\": \"dnszones/TXT\",\r\n      \"locations\": [\r\n        \"global\"\r\n      ],\r\n      \"apiVersions\": [\r\n        \"2018-05-01\",\r\n        \"2018-03-01-preview\",\r\n        \"2017-10-01\",\r\n        \"2017-09-15-preview\",\r\n        \"2017-09-01\",\r\n        \"2016-07-01\",\r\n        \"2016-04-01\",\r\n        \"2015-05-04-preview\"\r\n      ]\r\n    },\r\n    {\r\n      \"resourceType\": \"dnszones/SRV\",\r\n      \"locations\": [\r\n        \"global\"\r\n      ],\r\n      \"apiVersions\": [\r\n        \"2018-05-01\",\r\n        \"2018-03-01-preview\",\r\n        \"2017-10-01\",\r\n        \"2017-09-15-preview\",\r\n        \"2017-09-01\",\r\n        \"2016-07-01\",\r\n        \"2016-04-01\",\r\n        \"2015-05-04-preview\",\r\n        \"2015-04-01\"\r\n      ]\r\n    },\r\n    {\r\n      \"resourceType\": \"dnszones/SOA\",\r\n      \"locations\": [\r\n        \"global\"\r\n      ],\r\n      \"apiVersions\": [\r\n        \"2018-05-01\",\r\n        \"2018-03-01-preview\",\r\n        \"2017-10-01\",\r\n        \"2017-09-15-preview\",\r\n        \"2017-09-01\",\r\n        \"2016-07-01\",\r\n        \"2016-04-01\",\r\n        \"2015-05-04-preview\",\r\n        \"2015-04-01\"\r\n      ]\r\n    },\r\n    {\r\n      \"resourceType\": \"dnszones/NS\",\r\n      \"locations\": [\r\n        \"global\"\r\n      ],\r\n      \"apiVersions\": [\r\n        \"2018-05-01\",\r\n        \"2018-03-01-preview\",\r\n        \"2017-10-01\",\r\n        \"2017-09-15-preview\",\r\n        \"2017-09-01\",\r\n        \"2016-07-01\",\r\n        \"2016-04-01\",\r\n        \"2015-05-04-preview\",\r\n        \"2015-04-01\"\r\n      ]\r\n    },\r\n    {\r\n      \"resourceType\": \"dnszones/CAA\",\r\n      \"locations\": [\r\n        \"global\"\r\n      ],\r\n      \"apiVersions\": [\r\n        \"2018-05-01\",\r\n        \"2018-03-01-preview\",\r\n        \"2017-10-01\",\r\n        \"2017-09-15-preview\",\r\n        \"2017-09-01\"\r\n      ]\r\n    },\r\n    {\r\n      \"resourceType\": \"dnszones/recordsets\",\r\n      \"locations\": [\r\n        \"global\"\r\n      ],\r\n      \"apiVersions\": [\r\n        \"2018-05-01\",\r\n        \"2018-03-01-preview\",\r\n        \"2017-10-01\",\r\n        \"2017-09-15-preview\",\r\n        \"2017-09-01\",\r\n        \"2016-07-01\",\r\n        \"2016-04-01\",\r\n        \"2015-05-04-preview\",\r\n        \"2015-04-01\"\r\n      ]\r\n    },\r\n    {\r\n      \"resourceType\": \"dnszones/all\",\r\n      \"locations\": [\r\n        \"global\"\r\n      ],\r\n      \"apiVersions\": [\r\n        \"2018-05-01\",\r\n        \"2018-03-01-preview\",\r\n        \"2017-10-01\",\r\n        \"2017-09-15-preview\",\r\n        \"2017-09-01\",\r\n        \"2016-07-01\",\r\n        \"2016-04-01\",\r\n        \"2015-05-04-preview\",\r\n        \"2015-04-01\"\r\n      ]\r\n    },\r\n    {\r\n      \"resourceType\": \"privateDnsZones\",\r\n      \"locations\": [\r\n        \"global\"\r\n      ],\r\n      \"apiVersions\": [\r\n        \"2018-09-01\"\r\n      ],\r\n      \"capabilities\": \"CrossResourceGroupResourceMove, CrossSubscriptionResourceMove\"\r\n    },\r\n    {\r\n      \"resourceType\": \"privateDnsZones/virtualNetworkLinks\",\r\n      \"locations\": [\r\n        \"global\"\r\n      ],\r\n      \"apiVersions\": [\r\n        \"2018-09-01\"\r\n      ],\r\n      \"capabilities\": \"CrossResourceGroupResourceMove, CrossSubscriptionResourceMove\"\r\n    },\r\n    {\r\n      \"resourceType\": \"privateDnsOperationResults\",\r\n      \"locations\": [\r\n        \"global\"\r\n      ],\r\n      \"apiVersions\": [\r\n        \"2018-09-01\"\r\n      ]\r\n    },\r\n    {\r\n      \"resourceType\": \"privateDnsOperationStatuses\",\r\n      \"locations\": [\r\n        \"global\"\r\n      ],\r\n      \"apiVersions\": [\r\n        \"2018-09-01\"\r\n      ]\r\n    },\r\n    {\r\n      \"resourceType\": \"privateDnsZones/A\",\r\n      \"locations\": [\r\n        \"global\"\r\n      ],\r\n      \"apiVersions\": [\r\n        \"2018-09-01\"\r\n      ]\r\n    },\r\n    {\r\n      \"resourceType\": \"privateDnsZones/AAAA\",\r\n      \"locations\": [\r\n        \"global\"\r\n      ],\r\n      \"apiVersions\": [\r\n        \"2018-09-01\"\r\n      ]\r\n    },\r\n    {\r\n      \"resourceType\": \"privateDnsZones/CNAME\",\r\n      \"locations\": [\r\n        \"global\"\r\n      ],\r\n      \"apiVersions\": [\r\n        \"2018-09-01\"\r\n      ]\r\n    },\r\n    {\r\n      \"resourceType\": \"privateDnsZones/PTR\",\r\n      \"locations\": [\r\n        \"global\"\r\n      ],\r\n      \"apiVersions\": [\r\n        \"2018-09-01\"\r\n      ]\r\n    },\r\n    {\r\n      \"resourceType\": \"privateDnsZones/MX\",\r\n      \"locations\": [\r\n        \"global\"\r\n      ],\r\n      \"apiVersions\": [\r\n        \"2018-09-01\"\r\n      ]\r\n    },\r\n    {\r\n      \"resourceType\": \"privateDnsZones/TXT\",\r\n      \"locations\": [\r\n        \"global\"\r\n      ],\r\n      \"apiVersions\": [\r\n        \"2018-09-01\"\r\n      ]\r\n    },\r\n    {\r\n      \"resourceType\": \"privateDnsZones/SRV\",\r\n      \"locations\": [\r\n        \"global\"\r\n      ],\r\n      \"apiVersions\": [\r\n        \"2018-09-01\"\r\n      ]\r\n    },\r\n    {\r\n      \"resourceType\": \"privateDnsZones/SOA\",\r\n      \"locations\": [\r\n        \"global\"\r\n      ],\r\n      \"apiVersions\": [\r\n        \"2018-09-01\"\r\n      ]\r\n    },\r\n    {\r\n      \"resourceType\": \"privateDnsZones/all\",\r\n      \"locations\": [\r\n        \"global\"\r\n      ],\r\n      \"apiVersions\": [\r\n        \"2018-09-01\"\r\n      ]\r\n    },\r\n    {\r\n      \"resourceType\": \"virtualNetworks\",\r\n      \"locations\": [\r\n        \"West Europe\",\r\n        \"Central US\",\r\n        \"West US\",\r\n        \"East US\",\r\n        \"North Central US\",\r\n        \"South Central US\",\r\n        \"East US 2\",\r\n        \"North Europe\"\r\n      ],\r\n      \"apiVersions\": [\r\n        \"2018-12-01\",\r\n        \"2018-11-01\",\r\n        \"2018-10-01\",\r\n        \"2018-08-01\",\r\n        \"2018-07-01\",\r\n        \"2018-06-01\",\r\n        \"2018-05-01\",\r\n        \"2018-04-01\",\r\n        \"2018-03-01\",\r\n        \"2018-02-01\",\r\n        \"2018-01-01\",\r\n        \"2017-11-01\",\r\n        \"2017-10-01\",\r\n        \"2017-09-01\",\r\n        \"2017-08-01\",\r\n        \"2017-06-01\",\r\n        \"2017-04-01\",\r\n        \"2017-03-01\",\r\n        \"2016-12-01\",\r\n        \"2016-11-01\",\r\n        \"2016-10-01\",\r\n        \"2016-09-01\",\r\n        \"2016-08-01\",\r\n        \"2016-07-01\",\r\n        \"2016-06-01\",\r\n        \"2016-03-30\",\r\n        \"2015-06-15\",\r\n        \"2015-05-01-preview\",\r\n        \"2014-12-01-preview\"\r\n      ],\r\n      \"capabilities\": \"CrossResourceGroupResourceMove, CrossSubscriptionResourceMove\"\r\n    },\r\n    {\r\n      \"resourceType\": \"publicIPAddresses\",\r\n      \"locations\": [\r\n        \"West Europe\",\r\n        \"Central US\",\r\n        \"West US\",\r\n        \"East US\",\r\n        \"North Central US\",\r\n        \"South Central US\",\r\n        \"East US 2\",\r\n        \"North Europe\"\r\n      ],\r\n      \"apiVersions\": [\r\n        \"2018-12-01\",\r\n        \"2018-11-01\",\r\n        \"2018-10-01\",\r\n        \"2018-08-01\",\r\n        \"2018-07-01\",\r\n        \"2018-06-01\",\r\n        \"2018-05-01\",\r\n        \"2018-04-01\",\r\n        \"2018-03-01\",\r\n        \"2018-02-01\",\r\n        \"2018-01-01\",\r\n        \"2017-11-01\",\r\n        \"2017-10-01\",\r\n        \"2017-09-01\",\r\n        \"2017-08-01\",\r\n        \"2017-06-01\",\r\n        \"2017-04-01\",\r\n        \"2017-03-01\",\r\n        \"2016-12-01\",\r\n        \"2016-11-01\",\r\n        \"2016-10-01\",\r\n        \"2016-09-01\",\r\n        \"2016-08-01\",\r\n        \"2016-07-01\",\r\n        \"2016-06-01\",\r\n        \"2016-03-30\",\r\n        \"2015-06-15\",\r\n        \"2015-05-01-preview\",\r\n        \"2014-12-01-preview\"\r\n      ],\r\n      \"capabilities\": \"CrossResourceGroupResourceMove, CrossSubscriptionResourceMove\"\r\n    },\r\n    {\r\n      \"resourceType\": \"networkInterfaces\",\r\n      \"locations\": [\r\n        \"West Europe\",\r\n        \"Central US\",\r\n        \"West US\",\r\n        \"East US\",\r\n        \"North Central US\",\r\n        \"South Central US\",\r\n        \"East US 2\",\r\n        \"North Europe\"\r\n      ],\r\n      \"apiVersions\": [\r\n        \"2018-12-01\",\r\n        \"2018-11-01\",\r\n        \"2018-10-01\",\r\n        \"2018-08-01\",\r\n        \"2018-07-01\",\r\n        \"2018-06-01\",\r\n        \"2018-05-01\",\r\n        \"2018-04-01\",\r\n        \"2018-03-01\",\r\n        \"2018-02-01\",\r\n        \"2018-01-01\",\r\n        \"2017-11-01\",\r\n        \"2017-10-01\",\r\n        \"2017-09-01\",\r\n        \"2017-08-01\",\r\n        \"2017-06-01\",\r\n        \"2017-04-01\",\r\n        \"2017-03-01\",\r\n        \"2016-12-01\",\r\n        \"2016-11-01\",\r\n        \"2016-10-01\",\r\n        \"2016-09-01\",\r\n        \"2016-08-01\",\r\n        \"2016-07-01\",\r\n        \"2016-06-01\",\r\n        \"2016-03-30\",\r\n        \"2015-06-15\",\r\n        \"2015-05-01-preview\",\r\n        \"2014-12-01-preview\"\r\n      ],\r\n      \"capabilities\": \"CrossResourceGroupResourceMove, CrossSubscriptionResourceMove\"\r\n    },\r\n    {\r\n      \"resourceType\": \"interfaceEndpoints\",\r\n      \"locations\": [\r\n        \"West Europe\",\r\n        \"Central US\",\r\n        \"West US\",\r\n        \"East US\",\r\n        \"North Central US\",\r\n        \"South Central US\",\r\n        \"East US 2\",\r\n        \"North Europe\"\r\n      ],\r\n      \"apiVersions\": [\r\n        \"2018-12-01\",\r\n        \"2018-11-01\",\r\n        \"2018-10-01\",\r\n        \"2018-08-01\"\r\n      ],\r\n      \"capabilities\": \"None\"\r\n    },\r\n    {\r\n      \"resourceType\": \"privateLinkServices\",\r\n      \"locations\": [\r\n        \"West Europe\",\r\n        \"Central US\",\r\n        \"West US\",\r\n        \"East US\",\r\n        \"North Central US\",\r\n        \"South Central US\",\r\n        \"East US 2\",\r\n        \"North Europe\"\r\n      ],\r\n      \"apiVersions\": [\r\n        \"2018-12-01\",\r\n        \"2018-11-01\",\r\n        \"2018-10-01\",\r\n        \"2018-08-01\"\r\n      ],\r\n      \"capabilities\": \"None\"\r\n    },\r\n    {\r\n      \"resourceType\": \"loadBalancers\",\r\n      \"locations\": [\r\n        \"West Europe\",\r\n        \"Central US\",\r\n        \"West US\",\r\n        \"East US\",\r\n        \"North Central US\",\r\n        \"South Central US\",\r\n        \"East US 2\",\r\n        \"North Europe\"\r\n      ],\r\n      \"apiVersions\": [\r\n        \"2018-12-01\",\r\n        \"2018-11-01\",\r\n        \"2018-10-01\",\r\n        \"2018-08-01\",\r\n        \"2018-07-01\",\r\n        \"2018-06-01\",\r\n        \"2018-05-01\",\r\n        \"2018-04-01\",\r\n        \"2018-03-01\",\r\n        \"2018-02-01\",\r\n        \"2018-01-01\",\r\n        \"2017-11-01\",\r\n        \"2017-10-01\",\r\n        \"2017-09-01\",\r\n        \"2017-08-01\",\r\n        \"2017-06-01\",\r\n        \"2017-04-01\",\r\n        \"2017-03-01\",\r\n        \"2016-12-01\",\r\n        \"2016-11-01\",\r\n        \"2016-10-01\",\r\n        \"2016-09-01\",\r\n        \"2016-08-01\",\r\n        \"2016-07-01\",\r\n        \"2016-06-01\",\r\n        \"2016-03-30\",\r\n        \"2015-06-15\",\r\n        \"2015-05-01-preview\",\r\n        \"2014-12-01-preview\"\r\n      ],\r\n      \"capabilities\": \"CrossResourceGroupResourceMove, CrossSubscriptionResourceMove\"\r\n    },\r\n    {\r\n      \"resourceType\": \"networkSecurityGroups\",\r\n      \"locations\": [\r\n        \"West Europe\",\r\n        \"Central US\",\r\n        \"West US\",\r\n        \"East US\",\r\n        \"North Central US\",\r\n        \"South Central US\",\r\n        \"East US 2\",\r\n        \"North Europe\"\r\n      ],\r\n      \"apiVersions\": [\r\n        \"2018-12-01\",\r\n        \"2018-11-01\",\r\n        \"2018-10-01\",\r\n        \"2018-08-01\",\r\n        \"2018-07-01\",\r\n        \"2018-06-01\",\r\n        \"2018-05-01\",\r\n        \"2018-04-01\",\r\n        \"2018-03-01\",\r\n        \"2018-02-01\",\r\n        \"2018-01-01\",\r\n        \"2017-11-01\",\r\n        \"2017-10-01\",\r\n        \"2017-09-01\",\r\n        \"2017-08-01\",\r\n        \"2017-06-01\",\r\n        \"2017-04-01\",\r\n        \"2017-03-01\",\r\n        \"2016-12-01\",\r\n        \"2016-11-01\",\r\n        \"2016-10-01\",\r\n        \"2016-09-01\",\r\n        \"2016-08-01\",\r\n        \"2016-07-01\",\r\n        \"2016-06-01\",\r\n        \"2016-03-30\",\r\n        \"2015-06-15\",\r\n        \"2015-05-01-preview\",\r\n        \"2014-12-01-preview\"\r\n      ],\r\n      \"capabilities\": \"CrossResourceGroupResourceMove, CrossSubscriptionResourceMove\"\r\n    },\r\n    {\r\n      \"resourceType\": \"applicationSecurityGroups\",\r\n      \"locations\": [\r\n        \"West Europe\",\r\n        \"Central US\",\r\n        \"West US\",\r\n        \"East US\",\r\n        \"North Central US\",\r\n        \"South Central US\",\r\n        \"East US 2\",\r\n        \"North Europe\"\r\n      ],\r\n      \"apiVersions\": [\r\n        \"2018-12-01\",\r\n        \"2018-11-01\",\r\n        \"2018-10-01\",\r\n        \"2018-08-01\",\r\n        \"2018-07-01\",\r\n        \"2018-06-01\",\r\n        \"2018-05-01\",\r\n        \"2018-04-01\",\r\n        \"2018-03-01\",\r\n        \"2018-02-01\",\r\n        \"2018-01-01\",\r\n        \"2017-11-01\",\r\n        \"2017-10-01\",\r\n        \"2017-09-01\"\r\n      ],\r\n      \"capabilities\": \"CrossResourceGroupResourceMove, CrossSubscriptionResourceMove\"\r\n    },\r\n    {\r\n      \"resourceType\": \"networkIntentPolicies\",\r\n      \"locations\": [\r\n        \"West Europe\",\r\n        \"Central US\",\r\n        \"West US\",\r\n        \"East US\",\r\n        \"North Central US\",\r\n        \"South Central US\",\r\n        \"East US 2\",\r\n        \"North Europe\"\r\n      ],\r\n      \"apiVersions\": [\r\n        \"2018-12-01\",\r\n        \"2018-11-01\",\r\n        \"2018-10-01\",\r\n        \"2018-08-01\",\r\n        \"2018-07-01\",\r\n        \"2018-06-01\",\r\n        \"2018-05-01\",\r\n        \"2018-04-01\"\r\n      ],\r\n      \"capabilities\": \"CrossResourceGroupResourceMove, CrossSubscriptionResourceMove\"\r\n    },\r\n    {\r\n      \"resourceType\": \"routeTables\",\r\n      \"locations\": [\r\n        \"West Europe\",\r\n        \"Central US\",\r\n        \"West US\",\r\n        \"East US\",\r\n        \"North Central US\",\r\n        \"South Central US\",\r\n        \"East US 2\",\r\n        \"North Europe\"\r\n      ],\r\n      \"apiVersions\": [\r\n        \"2018-12-01\",\r\n        \"2018-11-01\",\r\n        \"2018-10-01\",\r\n        \"2018-08-01\",\r\n        \"2018-07-01\",\r\n        \"2018-06-01\",\r\n        \"2018-05-01\",\r\n        \"2018-04-01\",\r\n        \"2018-03-01\",\r\n        \"2018-02-01\",\r\n        \"2018-01-01\",\r\n        \"2017-11-01\",\r\n        \"2017-10-01\",\r\n        \"2017-09-01\",\r\n        \"2017-08-01\",\r\n        \"2017-06-01\",\r\n        \"2017-04-01\",\r\n        \"2017-03-01\",\r\n        \"2016-12-01\",\r\n        \"2016-11-01\",\r\n        \"2016-10-01\",\r\n        \"2016-09-01\",\r\n        \"2016-08-01\",\r\n        \"2016-07-01\",\r\n        \"2016-06-01\",\r\n        \"2016-03-30\",\r\n        \"2015-06-15\",\r\n        \"2015-05-01-preview\",\r\n        \"2014-12-01-preview\"\r\n      ],\r\n      \"capabilities\": \"CrossResourceGroupResourceMove, CrossSubscriptionResourceMove\"\r\n    },\r\n    {\r\n      \"resourceType\": \"publicIPPrefixes\",\r\n      \"locations\": [\r\n        \"West Europe\",\r\n        \"Central US\",\r\n        \"West US\",\r\n        \"East US\",\r\n        \"North Central US\",\r\n        \"South Central US\",\r\n        \"East US 2\",\r\n        \"North Europe\"\r\n      ],\r\n      \"apiVersions\": [\r\n        \"2018-12-01\",\r\n        \"2018-11-01\",\r\n        \"2018-10-01\",\r\n        \"2018-08-01\",\r\n        \"2018-07-01\"\r\n      ],\r\n      \"capabilities\": \"CrossResourceGroupResourceMove, CrossSubscriptionResourceMove\"\r\n    },\r\n    {\r\n      \"resourceType\": \"ddosCustomPolicies\",\r\n      \"locations\": [\r\n        \"West Europe\",\r\n        \"Central US\",\r\n        \"West US\",\r\n        \"East US\",\r\n        \"North Central US\",\r\n        \"South Central US\",\r\n        \"East US 2\",\r\n        \"North Europe\"\r\n      ],\r\n      \"apiVersions\": [\r\n        \"2018-12-01\",\r\n        \"2018-11-01\",\r\n        \"2018-10-01\"\r\n      ],\r\n      \"capabilities\": \"CrossResourceGroupResourceMove, CrossSubscriptionResourceMove\"\r\n    },\r\n    {\r\n      \"resourceType\": \"locations\",\r\n      \"locations\": [],\r\n      \"apiVersions\": [\r\n        \"2018-12-01\",\r\n        \"2018-11-01\",\r\n        \"2018-10-01\",\r\n        \"2018-08-01\",\r\n        \"2018-07-01\",\r\n        \"2018-06-01\",\r\n        \"2018-05-01\",\r\n        \"2018-04-01\",\r\n        \"2018-03-01\",\r\n        \"2018-02-01\",\r\n        \"2018-01-01\",\r\n        \"2017-11-01\",\r\n        \"2017-10-01\",\r\n        \"2017-09-01\",\r\n        \"2017-08-01\",\r\n        \"2017-06-01\",\r\n        \"2017-04-01\",\r\n        \"2017-03-01\",\r\n        \"2016-12-01\",\r\n        \"2016-11-01\",\r\n        \"2016-10-01\",\r\n        \"2016-09-01\",\r\n        \"2016-08-01\",\r\n        \"2016-07-01\",\r\n        \"2016-06-01\",\r\n        \"2016-03-30\",\r\n        \"2015-06-15\",\r\n        \"2015-05-01-preview\",\r\n        \"2014-12-01-preview\"\r\n      ]\r\n    },\r\n    {\r\n      \"resourceType\": \"locations/operations\",\r\n      \"locations\": [],\r\n      \"apiVersions\": [\r\n        \"2018-12-01\",\r\n        \"2018-11-01\",\r\n        \"2018-10-01\",\r\n        \"2018-08-01\",\r\n        \"2018-07-01\",\r\n        \"2018-06-01\",\r\n        \"2018-05-01\",\r\n        \"2018-04-01\",\r\n        \"2018-03-01\",\r\n        \"2018-02-01\",\r\n        \"2018-01-01\",\r\n        \"2017-11-01\",\r\n        \"2017-10-01\",\r\n        \"2017-09-01\",\r\n        \"2017-08-01\",\r\n        \"2017-06-01\",\r\n        \"2017-04-01\",\r\n        \"2017-03-01\",\r\n        \"2016-12-01\",\r\n        \"2016-11-01\",\r\n        \"2016-10-01\",\r\n        \"2016-09-01\",\r\n        \"2016-08-01\",\r\n        \"2016-07-01\",\r\n        \"2016-06-01\",\r\n        \"2016-03-30\",\r\n        \"2015-06-15\",\r\n        \"2015-05-01-preview\",\r\n        \"2014-12-01-preview\"\r\n      ]\r\n    },\r\n    {\r\n      \"resourceType\": \"locations/operationResults\",\r\n      \"locations\": [],\r\n      \"apiVersions\": [\r\n        \"2018-12-01\",\r\n        \"2018-11-01\",\r\n        \"2018-10-01\",\r\n        \"2018-08-01\",\r\n        \"2018-07-01\",\r\n        \"2018-06-01\",\r\n        \"2018-05-01\",\r\n        \"2018-04-01\",\r\n        \"2018-03-01\",\r\n        \"2018-02-01\",\r\n        \"2018-01-01\",\r\n        \"2017-11-01\",\r\n        \"2017-10-01\",\r\n        \"2017-09-01\",\r\n        \"2017-08-01\",\r\n        \"2017-06-01\",\r\n        \"2017-04-01\",\r\n        \"2017-03-01\",\r\n        \"2016-12-01\",\r\n        \"2016-11-01\",\r\n        \"2016-10-01\",\r\n        \"2016-09-01\",\r\n        \"2016-08-01\",\r\n        \"2016-07-01\",\r\n        \"2016-06-01\",\r\n        \"2016-03-30\",\r\n        \"2015-06-15\",\r\n        \"2015-05-01-preview\",\r\n        \"2014-12-01-preview\"\r\n      ]\r\n    },\r\n    {\r\n      \"resourceType\": \"locations/CheckDnsNameAvailability\",\r\n      \"locations\": [\r\n        \"West Europe\",\r\n        \"Central US\",\r\n        \"West US\",\r\n        \"East US\",\r\n        \"North Central US\",\r\n        \"South Central US\",\r\n        \"East US 2\",\r\n        \"North Europe\"\r\n      ],\r\n      \"apiVersions\": [\r\n        \"2018-12-01\",\r\n        \"2018-11-01\",\r\n        \"2018-10-01\",\r\n        \"2018-08-01\",\r\n        \"2018-07-01\",\r\n        \"2018-06-01\",\r\n        \"2018-05-01\",\r\n        \"2018-04-01\",\r\n        \"2018-03-01\",\r\n        \"2018-02-01\",\r\n        \"2018-01-01\",\r\n        \"2017-11-01\",\r\n        \"2017-10-01\",\r\n        \"2017-09-01\",\r\n        \"2017-08-01\",\r\n        \"2017-06-01\",\r\n        \"2017-04-01\",\r\n        \"2017-03-01\",\r\n        \"2016-12-01\",\r\n        \"2016-11-01\",\r\n        \"2016-10-01\",\r\n        \"2016-09-01\",\r\n        \"2016-08-01\",\r\n        \"2016-07-01\",\r\n        \"2016-06-01\",\r\n        \"2016-03-30\",\r\n        \"2015-06-15\",\r\n        \"2015-05-01-preview\",\r\n        \"2014-12-01-preview\"\r\n      ]\r\n    },\r\n    {\r\n      \"resourceType\": \"locations/usages\",\r\n      \"locations\": [\r\n        \"West Europe\",\r\n        \"Central US\",\r\n        \"West US\",\r\n        \"East US\",\r\n        \"North Central US\",\r\n        \"South Central US\",\r\n        \"East US 2\",\r\n        \"North Europe\"\r\n      ],\r\n      \"apiVersions\": [\r\n        \"2018-12-01\",\r\n        \"2018-11-01\",\r\n        \"2018-10-01\",\r\n        \"2018-08-01\",\r\n        \"2018-07-01\",\r\n        \"2018-06-01\",\r\n        \"2018-05-01\",\r\n        \"2018-04-01\",\r\n        \"2018-03-01\",\r\n        \"2018-02-01\",\r\n        \"2018-01-01\",\r\n        \"2017-11-01\",\r\n        \"2017-10-01\",\r\n        \"2017-09-01\",\r\n        \"2017-08-01\",\r\n        \"2017-06-01\",\r\n        \"2017-04-01\",\r\n        \"2017-03-01\",\r\n        \"2016-12-01\",\r\n        \"2016-11-01\",\r\n        \"2016-10-01\",\r\n        \"2016-09-01\",\r\n        \"2016-08-01\",\r\n        \"2016-07-01\",\r\n        \"2016-06-01\",\r\n        \"2016-03-30\",\r\n        \"2015-06-15\",\r\n        \"2015-05-01-preview\",\r\n        \"2014-12-01-preview\"\r\n      ]\r\n    },\r\n    {\r\n      \"resourceType\": \"locations/virtualNetworkAvailableEndpointServices\",\r\n      \"locations\": [\r\n        \"West Europe\",\r\n        \"Central US\",\r\n        \"West US\",\r\n        \"East US\",\r\n        \"North Central US\",\r\n        \"South Central US\",\r\n        \"East US 2\",\r\n        \"North Europe\"\r\n      ],\r\n      \"apiVersions\": [\r\n        \"2018-12-01\",\r\n        \"2018-11-01\",\r\n        \"2018-10-01\",\r\n        \"2018-08-01\",\r\n        \"2018-07-01\",\r\n        \"2018-06-01\",\r\n        \"2018-05-01\",\r\n        \"2018-04-01\",\r\n        \"2018-03-01\",\r\n        \"2018-02-01\",\r\n        \"2018-01-01\",\r\n        \"2017-11-01\",\r\n        \"2017-10-01\",\r\n        \"2017-09-01\",\r\n        \"2017-08-01\",\r\n        \"2017-06-01\",\r\n        \"2017-04-01\"\r\n      ]\r\n    },\r\n    {\r\n      \"resourceType\": \"locations/availableDelegations\",\r\n      \"locations\": [\r\n        \"West Europe\",\r\n        \"Central US\",\r\n        \"West US\",\r\n        \"East US\",\r\n        \"North Central US\",\r\n        \"South Central US\",\r\n        \"East US 2\",\r\n        \"North Europe\"\r\n      ],\r\n      \"apiVersions\": [\r\n        \"2018-12-01\",\r\n        \"2018-11-01\",\r\n        \"2018-10-01\",\r\n        \"2018-08-01\",\r\n        \"2018-07-01\",\r\n        \"2018-06-01\",\r\n        \"2018-05-01\",\r\n        \"2018-04-01\"\r\n      ]\r\n    },\r\n    {\r\n      \"resourceType\": \"locations/supportedVirtualMachineSizes\",\r\n      \"locations\": [\r\n        \"West Europe\",\r\n        \"Central US\",\r\n        \"West US\",\r\n        \"East US\",\r\n        \"North Central US\",\r\n        \"South Central US\",\r\n        \"East US 2\",\r\n        \"North Europe\"\r\n      ],\r\n      \"apiVersions\": [\r\n        \"2018-12-01\",\r\n        \"2018-11-01\",\r\n        \"2018-10-01\",\r\n        \"2018-08-01\",\r\n        \"2018-07-01\",\r\n        \"2018-06-01\",\r\n        \"2018-05-01\",\r\n        \"2018-04-01\"\r\n      ]\r\n    },\r\n    {\r\n      \"resourceType\": \"locations/checkAcceleratedNetworkingSupport\",\r\n      \"locations\": [\r\n        \"West Europe\",\r\n        \"Central US\",\r\n        \"West US\",\r\n        \"East US\",\r\n        \"North Central US\",\r\n        \"South Central US\",\r\n        \"East US 2\",\r\n        \"North Europe\"\r\n      ],\r\n      \"apiVersions\": [\r\n        \"2018-12-01\",\r\n        \"2018-11-01\",\r\n        \"2018-10-01\",\r\n        \"2018-08-01\",\r\n        \"2018-07-01\",\r\n        \"2018-06-01\",\r\n        \"2018-05-01\",\r\n        \"2018-04-01\"\r\n      ]\r\n    },\r\n    {\r\n      \"resourceType\": \"locations/validateResourceOwnership\",\r\n      \"locations\": [\r\n        \"West Europe\",\r\n        \"Central US\",\r\n        \"West US\",\r\n        \"East US\",\r\n        \"North Central US\",\r\n        \"South Central US\",\r\n        \"East US 2\",\r\n        \"North Europe\"\r\n      ],\r\n      \"apiVersions\": [\r\n        \"2018-12-01\",\r\n        \"2018-11-01\",\r\n        \"2018-10-01\",\r\n        \"2018-08-01\",\r\n        \"2018-07-01\",\r\n        \"2018-06-01\",\r\n        \"2018-05-01\",\r\n        \"2018-04-01\"\r\n      ]\r\n    },\r\n    {\r\n      \"resourceType\": \"locations/setResourceOwnership\",\r\n      \"locations\": [\r\n        \"West Europe\",\r\n        \"Central US\",\r\n        \"West US\",\r\n        \"East US\",\r\n        \"North Central US\",\r\n        \"South Central US\",\r\n        \"East US 2\",\r\n        \"North Europe\"\r\n      ],\r\n      \"apiVersions\": [\r\n        \"2018-12-01\",\r\n        \"2018-11-01\",\r\n        \"2018-10-01\",\r\n        \"2018-08-01\",\r\n        \"2018-07-01\",\r\n        \"2018-06-01\",\r\n        \"2018-05-01\",\r\n        \"2018-04-01\"\r\n      ]\r\n    },\r\n    {\r\n      \"resourceType\": \"locations/effectiveResourceOwnership\",\r\n      \"locations\": [\r\n        \"West Europe\",\r\n        \"Central US\",\r\n        \"West US\",\r\n        \"East US\",\r\n        \"North Central US\",\r\n        \"South Central US\",\r\n        \"East US 2\",\r\n        \"North Europe\"\r\n      ],\r\n      \"apiVersions\": [\r\n        \"2018-12-01\",\r\n        \"2018-11-01\",\r\n        \"2018-10-01\",\r\n        \"2018-08-01\",\r\n        \"2018-07-01\",\r\n        \"2018-06-01\",\r\n        \"2018-05-01\",\r\n        \"2018-04-01\"\r\n      ]\r\n    },\r\n    {\r\n      \"resourceType\": \"operations\",\r\n      \"locations\": [],\r\n      \"apiVersions\": [\r\n        \"2018-12-01\",\r\n        \"2018-11-01\",\r\n        \"2018-10-01\",\r\n        \"2018-08-01\",\r\n        \"2018-07-01\",\r\n        \"2018-06-01\",\r\n        \"2018-05-01\",\r\n        \"2018-04-01\",\r\n        \"2018-03-01\",\r\n        \"2018-02-01\",\r\n        \"2018-01-01\",\r\n        \"2017-11-01\",\r\n        \"2017-10-01\",\r\n        \"2017-09-01\",\r\n        \"2017-08-01\",\r\n        \"2017-06-01\",\r\n        \"2017-04-01\",\r\n        \"2017-03-01\",\r\n        \"2016-12-01\",\r\n        \"2016-11-01\",\r\n        \"2016-10-01\",\r\n        \"2016-09-01\",\r\n        \"2016-08-01\",\r\n        \"2016-07-01\",\r\n        \"2016-06-01\",\r\n        \"2016-03-30\",\r\n        \"2015-06-15\",\r\n        \"2015-05-01-preview\",\r\n        \"2014-12-01-preview\"\r\n      ]\r\n    },\r\n    {\r\n      \"resourceType\": \"checkTrafficManagerNameAvailability\",\r\n      \"locations\": [\r\n        \"global\"\r\n      ],\r\n      \"apiVersions\": [\r\n        \"2018-08-01\",\r\n        \"2018-04-01\",\r\n        \"2018-03-01\",\r\n        \"2018-02-01\",\r\n        \"2017-05-01\",\r\n        \"2017-03-01\",\r\n        \"2015-11-01\",\r\n        \"2015-04-28-preview\"\r\n      ]\r\n    },\r\n    {\r\n      \"resourceType\": \"trafficManagerGeographicHierarchies\",\r\n      \"locations\": [\r\n        \"global\"\r\n      ],\r\n      \"apiVersions\": [\r\n        \"2018-08-01\",\r\n        \"2018-04-01\",\r\n        \"2018-03-01\",\r\n        \"2018-02-01\",\r\n        \"2017-05-01\",\r\n        \"2017-03-01\"\r\n      ]\r\n    },\r\n    {\r\n      \"resourceType\": \"networkWatchers\",\r\n      \"locations\": [\r\n        \"West Europe\",\r\n        \"Central US\",\r\n        \"West US\",\r\n        \"East US\",\r\n        \"North Central US\",\r\n        \"South Central US\",\r\n        \"East US 2\",\r\n        \"North Europe\"\r\n      ],\r\n      \"apiVersions\": [\r\n        \"2018-12-01\",\r\n        \"2018-11-01\",\r\n        \"2018-10-01\",\r\n        \"2018-08-01\",\r\n        \"2018-07-01\",\r\n        \"2018-06-01\",\r\n        \"2018-05-01\",\r\n        \"2018-04-01\",\r\n        \"2018-03-01\",\r\n        \"2018-02-01\",\r\n        \"2018-01-01\",\r\n        \"2017-11-01\",\r\n        \"2017-10-01\",\r\n        \"2017-09-01\",\r\n        \"2017-08-01\",\r\n        \"2017-06-01\",\r\n        \"2017-04-01\",\r\n        \"2017-03-01\",\r\n        \"2016-12-01\",\r\n        \"2016-11-01\",\r\n        \"2016-10-01\",\r\n        \"2016-09-01\",\r\n        \"2016-08-01\",\r\n        \"2016-07-01\",\r\n        \"2016-06-01\",\r\n        \"2016-03-30\"\r\n      ],\r\n      \"capabilities\": \"CrossResourceGroupResourceMove, CrossSubscriptionResourceMove\"\r\n    },\r\n    {\r\n      \"resourceType\": \"virtualNetworkGateways\",\r\n      \"locations\": [\r\n        \"West Europe\",\r\n        \"Central US\",\r\n        \"West US\",\r\n        \"East US\",\r\n        \"North Central US\",\r\n        \"South Central US\",\r\n        \"East US 2\",\r\n        \"North Europe\"\r\n      ],\r\n      \"apiVersions\": [\r\n        \"2018-12-01\",\r\n        \"2018-11-01\",\r\n        \"2018-10-01\",\r\n        \"2018-08-01\",\r\n        \"2018-07-01\",\r\n        \"2018-06-01\",\r\n        \"2018-05-01\",\r\n        \"2018-04-01\",\r\n        \"2018-03-01\",\r\n        \"2018-02-01\",\r\n        \"2018-01-01\",\r\n        \"2017-11-01\",\r\n        \"2017-10-01\",\r\n        \"2017-09-01\",\r\n        \"2017-08-01\",\r\n        \"2017-06-01\",\r\n        \"2017-04-01\",\r\n        \"2017-03-01\",\r\n        \"2016-12-01\",\r\n        \"2016-11-01\",\r\n        \"2016-10-01\",\r\n        \"2016-09-01\",\r\n        \"2016-08-01\",\r\n        \"2016-07-01\",\r\n        \"2016-06-01\",\r\n        \"2016-03-30\",\r\n        \"2015-06-15\",\r\n        \"2015-05-01-preview\",\r\n        \"2014-12-01-preview\"\r\n      ],\r\n      \"capabilities\": \"CrossResourceGroupResourceMove, CrossSubscriptionResourceMove\"\r\n    },\r\n    {\r\n      \"resourceType\": \"localNetworkGateways\",\r\n      \"locations\": [\r\n        \"West Europe\",\r\n        \"Central US\",\r\n        \"West US\",\r\n        \"East US\",\r\n        \"North Central US\",\r\n        \"South Central US\",\r\n        \"East US 2\",\r\n        \"North Europe\"\r\n      ],\r\n      \"apiVersions\": [\r\n        \"2018-12-01\",\r\n        \"2018-11-01\",\r\n        \"2018-10-01\",\r\n        \"2018-08-01\",\r\n        \"2018-07-01\",\r\n        \"2018-06-01\",\r\n        \"2018-05-01\",\r\n        \"2018-04-01\",\r\n        \"2018-03-01\",\r\n        \"2018-02-01\",\r\n        \"2018-01-01\",\r\n        \"2017-11-01\",\r\n        \"2017-10-01\",\r\n        \"2017-09-01\",\r\n        \"2017-08-01\",\r\n        \"2017-06-01\",\r\n        \"2017-04-01\",\r\n        \"2017-03-01\",\r\n        \"2016-12-01\",\r\n        \"2016-11-01\",\r\n        \"2016-10-01\",\r\n        \"2016-09-01\",\r\n        \"2016-08-01\",\r\n        \"2016-07-01\",\r\n        \"2016-06-01\",\r\n        \"2016-03-30\",\r\n        \"2015-06-15\",\r\n        \"2015-05-01-preview\",\r\n        \"2014-12-01-preview\"\r\n      ],\r\n      \"capabilities\": \"CrossResourceGroupResourceMove, CrossSubscriptionResourceMove\"\r\n    },\r\n    {\r\n      \"resourceType\": \"connections\",\r\n      \"locations\": [\r\n        \"West Europe\",\r\n        \"Central US\",\r\n        \"West US\",\r\n        \"East US\",\r\n        \"North Central US\",\r\n        \"South Central US\",\r\n        \"East US 2\",\r\n        \"North Europe\"\r\n      ],\r\n      \"apiVersions\": [\r\n        \"2018-12-01\",\r\n        \"2018-11-01\",\r\n        \"2018-10-01\",\r\n        \"2018-08-01\",\r\n        \"2018-07-01\",\r\n        \"2018-06-01\",\r\n        \"2018-05-01\",\r\n        \"2018-04-01\",\r\n        \"2018-03-01\",\r\n        \"2018-02-01\",\r\n        \"2018-01-01\",\r\n        \"2017-11-01\",\r\n        \"2017-10-01\",\r\n        \"2017-09-01\",\r\n        \"2017-08-01\",\r\n        \"2017-06-01\",\r\n        \"2017-04-01\",\r\n        \"2017-03-01\",\r\n        \"2016-12-01\",\r\n        \"2016-11-01\",\r\n        \"2016-10-01\",\r\n        \"2016-09-01\",\r\n        \"2016-08-01\",\r\n        \"2016-07-01\",\r\n        \"2016-06-01\",\r\n        \"2016-03-30\",\r\n        \"2015-06-15\",\r\n        \"2015-05-01-preview\",\r\n        \"2014-12-01-preview\"\r\n      ],\r\n      \"capabilities\": \"CrossResourceGroupResourceMove, CrossSubscriptionResourceMove\"\r\n    },\r\n    {\r\n      \"resourceType\": \"applicationGateways\",\r\n      \"locations\": [\r\n        \"West Europe\",\r\n        \"Central US\",\r\n        \"West US\",\r\n        \"East US\",\r\n        \"North Central US\",\r\n        \"South Central US\",\r\n        \"East US 2\",\r\n        \"North Europe\"\r\n      ],\r\n      \"apiVersions\": [\r\n        \"2018-10-01\",\r\n        \"2018-04-01\",\r\n        \"2018-03-01\",\r\n        \"2018-02-01\",\r\n        \"2018-01-01\",\r\n        \"2017-11-01\",\r\n        \"2017-10-01\",\r\n        \"2017-09-01\",\r\n        \"2017-08-01\",\r\n        \"2017-06-01\",\r\n        \"2017-04-01\",\r\n        \"2017-03-01\",\r\n        \"2016-12-01\",\r\n        \"2016-11-01\",\r\n        \"2016-10-01\",\r\n        \"2016-09-01\",\r\n        \"2016-08-01\",\r\n        \"2016-07-01\",\r\n        \"2016-06-01\",\r\n        \"2016-03-30\",\r\n        \"2015-06-15\",\r\n        \"2015-05-01-preview\",\r\n        \"2014-12-01-preview\"\r\n      ],\r\n      \"capabilities\": \"None\"\r\n    },\r\n    {\r\n      \"resourceType\": \"expressRouteCircuits\",\r\n      \"locations\": [\r\n        \"West Europe\",\r\n        \"Central US\",\r\n        \"West US\",\r\n        \"East US\",\r\n        \"North Central US\",\r\n        \"South Central US\",\r\n        \"East US 2\",\r\n        \"North Europe\"\r\n      ],\r\n      \"apiVersions\": [\r\n        \"2018-10-01\",\r\n        \"2018-04-01\",\r\n        \"2018-03-01\",\r\n        \"2018-02-01\",\r\n        \"2018-01-01\",\r\n        \"2017-11-01\",\r\n        \"2017-10-01\",\r\n        \"2017-09-01\",\r\n        \"2017-08-01\",\r\n        \"2017-06-01\",\r\n        \"2017-04-01\",\r\n        \"2017-03-01\",\r\n        \"2016-12-01\",\r\n        \"2016-11-01\",\r\n        \"2016-10-01\",\r\n        \"2016-09-01\",\r\n        \"2016-08-01\",\r\n        \"2016-07-01\",\r\n        \"2016-06-01\",\r\n        \"2016-03-30\",\r\n        \"2015-06-15\",\r\n        \"2015-05-01-preview\",\r\n        \"2014-12-01-preview\"\r\n      ],\r\n      \"capabilities\": \"None\"\r\n    },\r\n    {\r\n      \"resourceType\": \"expressRouteCrossConnections\",\r\n      \"locations\": [\r\n        \"West Europe\",\r\n        \"Central US\",\r\n        \"West US\",\r\n        \"East US\",\r\n        \"North Central US\",\r\n        \"South Central US\",\r\n        \"East US 2\",\r\n        \"North Europe\"\r\n      ],\r\n      \"apiVersions\": [\r\n        \"2018-10-01\",\r\n        \"2018-02-01\"\r\n      ],\r\n      \"capabilities\": \"None\"\r\n    },\r\n    {\r\n      \"resourceType\": \"expressRouteServiceProviders\",\r\n      \"locations\": [],\r\n      \"apiVersions\": [\r\n        \"2018-12-01\",\r\n        \"2018-11-01\",\r\n        \"2018-10-01\",\r\n        \"2018-08-01\",\r\n        \"2018-07-01\",\r\n        \"2018-06-01\",\r\n        \"2018-05-01\",\r\n        \"2018-04-01\",\r\n        \"2018-03-01\",\r\n        \"2018-02-01\",\r\n        \"2018-01-01\",\r\n        \"2017-11-01\",\r\n        \"2017-10-01\",\r\n        \"2017-09-01\",\r\n        \"2017-08-01\",\r\n        \"2017-06-01\",\r\n        \"2017-04-01\",\r\n        \"2017-03-01\",\r\n        \"2016-12-01\",\r\n        \"2016-11-01\",\r\n        \"2016-10-01\",\r\n        \"2016-09-01\",\r\n        \"2016-08-01\",\r\n        \"2016-07-01\",\r\n        \"2016-06-01\",\r\n        \"2016-03-30\",\r\n        \"2015-06-15\",\r\n        \"2015-05-01-preview\",\r\n        \"2014-12-01-preview\"\r\n      ]\r\n    },\r\n    {\r\n      \"resourceType\": \"applicationGatewayAvailableWafRuleSets\",\r\n      \"locations\": [],\r\n      \"apiVersions\": [\r\n        \"2018-12-01\",\r\n        \"2018-11-01\",\r\n        \"2018-10-01\",\r\n        \"2018-08-01\",\r\n        \"2018-07-01\",\r\n        \"2018-06-01\",\r\n        \"2018-05-01\",\r\n        \"2018-04-01\",\r\n        \"2018-03-01\",\r\n        \"2018-02-01\",\r\n        \"2018-01-01\",\r\n        \"2017-11-01\",\r\n        \"2017-10-01\",\r\n        \"2017-09-01\",\r\n        \"2017-08-01\",\r\n        \"2017-06-01\",\r\n        \"2017-04-01\",\r\n        \"2017-03-01\"\r\n      ]\r\n    },\r\n    {\r\n      \"resourceType\": \"applicationGatewayAvailableSslOptions\",\r\n      \"locations\": [],\r\n      \"apiVersions\": [\r\n        \"2018-12-01\",\r\n        \"2018-11-01\",\r\n        \"2018-10-01\",\r\n        \"2018-08-01\",\r\n        \"2018-07-01\",\r\n        \"2018-06-01\",\r\n        \"2018-05-01\",\r\n        \"2018-04-01\",\r\n        \"2018-03-01\",\r\n        \"2018-02-01\",\r\n        \"2018-01-01\",\r\n        \"2017-11-01\",\r\n        \"2017-10-01\",\r\n        \"2017-09-01\",\r\n        \"2017-08-01\",\r\n        \"2017-06-01\"\r\n      ]\r\n    },\r\n    {\r\n      \"resourceType\": \"bgpServiceCommunities\",\r\n      \"locations\": [],\r\n      \"apiVersions\": [\r\n        \"2018-12-01\",\r\n        \"2018-11-01\",\r\n        \"2018-10-01\",\r\n        \"2018-08-01\",\r\n        \"2018-07-01\",\r\n        \"2018-06-01\",\r\n        \"2018-05-01\",\r\n        \"2018-04-01\",\r\n        \"2018-03-01\",\r\n        \"2018-02-01\",\r\n        \"2018-01-01\",\r\n        \"2017-11-01\",\r\n        \"2017-10-01\",\r\n        \"2017-09-01\",\r\n        \"2017-08-01\",\r\n        \"2017-06-01\",\r\n        \"2017-04-01\",\r\n        \"2016-12-01\"\r\n      ]\r\n    },\r\n    {\r\n      \"resourceType\": \"routeFilters\",\r\n      \"locations\": [\r\n        \"West Europe\",\r\n        \"Central US\",\r\n        \"West US\",\r\n        \"East US\",\r\n        \"North Central US\",\r\n        \"South Central US\",\r\n        \"East US 2\",\r\n        \"North Europe\"\r\n      ],\r\n      \"apiVersions\": [\r\n        \"2018-12-01\",\r\n        \"2018-11-01\",\r\n        \"2018-10-01\",\r\n        \"2018-08-01\",\r\n        \"2018-07-01\",\r\n        \"2018-06-01\",\r\n        \"2018-05-01\",\r\n        \"2018-04-01\",\r\n        \"2018-03-01\",\r\n        \"2018-02-01\",\r\n        \"2018-01-01\",\r\n        \"2017-11-01\",\r\n        \"2017-10-01\",\r\n        \"2017-09-01\",\r\n        \"2017-08-01\",\r\n        \"2017-06-01\",\r\n        \"2017-04-01\",\r\n        \"2017-03-01\",\r\n        \"2016-12-01\"\r\n      ],\r\n      \"capabilities\": \"None\"\r\n    },\r\n    {\r\n      \"resourceType\": \"virtualWans\",\r\n      \"locations\": [\r\n        \"West Europe\",\r\n        \"Central US\",\r\n        \"West US\",\r\n        \"East US\",\r\n        \"North Central US\",\r\n        \"South Central US\",\r\n        \"East US 2\",\r\n        \"North Europe\"\r\n      ],\r\n      \"apiVersions\": [\r\n        \"2018-10-01\",\r\n        \"2018-04-01\",\r\n        \"2018-03-01\",\r\n        \"2018-02-01\",\r\n        \"2018-01-01\",\r\n        \"2017-11-01\",\r\n        \"2017-10-01\",\r\n        \"2017-09-01\"\r\n      ],\r\n      \"capabilities\": \"CrossResourceGroupResourceMove, CrossSubscriptionResourceMove\"\r\n    },\r\n    {\r\n      \"resourceType\": \"vpnSites\",\r\n      \"locations\": [\r\n        \"West Europe\",\r\n        \"Central US\",\r\n        \"West US\",\r\n        \"East US\",\r\n        \"North Central US\",\r\n        \"South Central US\",\r\n        \"East US 2\",\r\n        \"North Europe\"\r\n      ],\r\n      \"apiVersions\": [\r\n        \"2018-10-01\",\r\n        \"2018-04-01\",\r\n        \"2018-03-01\",\r\n        \"2018-02-01\",\r\n        \"2018-01-01\",\r\n        \"2017-11-01\",\r\n        \"2017-10-01\",\r\n        \"2017-09-01\"\r\n      ],\r\n      \"capabilities\": \"CrossResourceGroupResourceMove, CrossSubscriptionResourceMove\"\r\n    },\r\n    {\r\n      \"resourceType\": \"virtualHubs\",\r\n      \"locations\": [\r\n        \"West Europe\",\r\n        \"Central US\",\r\n        \"West US\",\r\n        \"East US\",\r\n        \"North Central US\",\r\n        \"South Central US\",\r\n        \"East US 2\",\r\n        \"North Europe\"\r\n      ],\r\n      \"apiVersions\": [\r\n        \"2018-10-01\",\r\n        \"2018-04-01\",\r\n        \"2018-03-01\",\r\n        \"2018-02-01\",\r\n        \"2018-01-01\",\r\n        \"2017-11-01\",\r\n        \"2017-10-01\",\r\n        \"2017-09-01\"\r\n      ],\r\n      \"capabilities\": \"CrossResourceGroupResourceMove, CrossSubscriptionResourceMove\"\r\n    },\r\n    {\r\n      \"resourceType\": \"vpnGateways\",\r\n      \"locations\": [\r\n        \"West Europe\",\r\n        \"Central US\",\r\n        \"West US\",\r\n        \"East US\",\r\n        \"North Central US\",\r\n        \"South Central US\",\r\n        \"East US 2\",\r\n        \"North Europe\"\r\n      ],\r\n      \"apiVersions\": [\r\n        \"2018-10-01\",\r\n        \"2018-04-01\",\r\n        \"2018-03-01\",\r\n        \"2018-02-01\",\r\n        \"2018-01-01\",\r\n        \"2017-11-01\",\r\n        \"2017-10-01\",\r\n        \"2017-09-01\"\r\n      ],\r\n      \"capabilities\": \"CrossResourceGroupResourceMove, CrossSubscriptionResourceMove\"\r\n    },\r\n    {\r\n      \"resourceType\": \"expressRouteGateways\",\r\n      \"locations\": [\r\n        \"West Europe\",\r\n        \"Central US\",\r\n        \"West US\",\r\n        \"East US\",\r\n        \"North Central US\",\r\n        \"South Central US\",\r\n        \"East US 2\",\r\n        \"North Europe\"\r\n      ],\r\n      \"apiVersions\": [\r\n        \"2018-12-01\",\r\n        \"2018-11-01\",\r\n        \"2018-10-01\",\r\n        \"2018-08-01\"\r\n      ],\r\n      \"capabilities\": \"None\"\r\n    },\r\n    {\r\n      \"resourceType\": \"p2sVpnGateways\",\r\n      \"locations\": [\r\n        \"West Europe\",\r\n        \"Central US\",\r\n        \"West US\",\r\n        \"East US\",\r\n        \"North Central US\",\r\n        \"South Central US\",\r\n        \"East US 2\",\r\n        \"North Europe\"\r\n      ],\r\n      \"apiVersions\": [\r\n        \"2018-12-01\",\r\n        \"2018-11-01\",\r\n        \"2018-10-01\",\r\n        \"2018-08-01\"\r\n      ],\r\n      \"capabilities\": \"None\"\r\n    },\r\n    {\r\n      \"resourceType\": \"secureGateways\",\r\n      \"locations\": [\r\n        \"West Europe\",\r\n        \"Central US\",\r\n        \"West US\",\r\n        \"East US\",\r\n        \"North Central US\",\r\n        \"South Central US\",\r\n        \"East US 2\",\r\n        \"North Europe\"\r\n      ],\r\n      \"apiVersions\": [\r\n        \"2018-12-01\",\r\n        \"2018-11-01\",\r\n        \"2018-10-01\",\r\n        \"2018-08-01\",\r\n        \"2018-07-01\",\r\n        \"2018-06-01\",\r\n        \"2018-05-01\",\r\n        \"2018-04-01\",\r\n        \"2018-03-01\",\r\n        \"2018-02-01\",\r\n        \"2018-01-01\",\r\n        \"2017-11-01\"\r\n      ],\r\n      \"capabilities\": \"CrossResourceGroupResourceMove, CrossSubscriptionResourceMove\"\r\n    },\r\n    {\r\n      \"resourceType\": \"azureFirewalls\",\r\n      \"locations\": [\r\n        \"West Europe\",\r\n        \"Central US\",\r\n        \"West US\",\r\n        \"East US\",\r\n        \"North Central US\",\r\n        \"South Central US\",\r\n        \"East US 2\",\r\n        \"North Europe\"\r\n      ],\r\n      \"apiVersions\": [\r\n        \"2018-12-01\",\r\n        \"2018-11-01\",\r\n        \"2018-10-01\",\r\n        \"2018-08-01\",\r\n        \"2018-07-01\",\r\n        \"2018-06-01\",\r\n        \"2018-05-01\",\r\n        \"2018-04-01\"\r\n      ],\r\n      \"capabilities\": \"CrossResourceGroupResourceMove, CrossSubscriptionResourceMove\"\r\n    },\r\n    {\r\n      \"resourceType\": \"azureFirewallFqdnTags\",\r\n      \"locations\": [],\r\n      \"apiVersions\": [\r\n        \"2018-12-01\",\r\n        \"2018-11-01\",\r\n        \"2018-10-01\",\r\n        \"2018-08-01\"\r\n      ]\r\n    },\r\n    {\r\n      \"resourceType\": \"virtualNetworkTaps\",\r\n      \"locations\": [\r\n        \"West Europe\",\r\n        \"Central US\",\r\n        \"West US\",\r\n        \"East US\",\r\n        \"North Central US\",\r\n        \"South Central US\",\r\n        \"East US 2\",\r\n        \"North Europe\"\r\n      ],\r\n      \"apiVersions\": [\r\n        \"2018-12-01\",\r\n        \"2018-11-01\",\r\n        \"2018-10-01\",\r\n        \"2018-08-01\"\r\n      ],\r\n      \"capabilities\": \"None\"\r\n    },\r\n    {\r\n      \"resourceType\": \"ddosProtectionPlans\",\r\n      \"locations\": [\r\n        \"West Europe\",\r\n        \"Central US\",\r\n        \"West US\",\r\n        \"East US\",\r\n        \"North Central US\",\r\n        \"South Central US\",\r\n        \"East US 2\",\r\n        \"North Europe\"\r\n      ],\r\n      \"apiVersions\": [\r\n        \"2018-12-01\",\r\n        \"2018-11-01\",\r\n        \"2018-10-01\",\r\n        \"2018-08-01\",\r\n        \"2018-07-01\",\r\n        \"2018-06-01\",\r\n        \"2018-05-01\",\r\n        \"2018-04-01\",\r\n        \"2018-03-01\",\r\n        \"2018-02-01\"\r\n      ],\r\n      \"capabilities\": \"None\"\r\n    },\r\n    {\r\n      \"resourceType\": \"checkFrontdoorNameAvailability\",\r\n      \"locations\": [\r\n        \"global\",\r\n        \"Central US\",\r\n        \"East US\",\r\n        \"East US 2\",\r\n        \"North Central US\",\r\n        \"South Central US\",\r\n        \"West US\",\r\n        \"North Europe\",\r\n        \"West Europe\",\r\n        \"East Asia\",\r\n        \"Southeast Asia\",\r\n        \"Japan East\",\r\n        \"Japan West\",\r\n        \"Brazil South\",\r\n        \"Australia East\",\r\n        \"Australia Southeast\"\r\n      ],\r\n      \"apiVersions\": [\r\n        \"2018-08-01\"\r\n      ]\r\n    },\r\n    {\r\n      \"resourceType\": \"networkProfiles\",\r\n      \"locations\": [\r\n        \"West Europe\",\r\n        \"Central US\",\r\n        \"West US\",\r\n        \"East US\",\r\n        \"North Central US\",\r\n        \"South Central US\",\r\n        \"East US 2\",\r\n        \"North Europe\"\r\n      ],\r\n      \"apiVersions\": [\r\n        \"2018-12-01\",\r\n        \"2018-11-01\",\r\n        \"2018-10-01\",\r\n        \"2018-08-01\",\r\n        \"2018-07-01\",\r\n        \"2018-06-01\",\r\n        \"2018-05-01\"\r\n      ],\r\n      \"capabilities\": \"None\"\r\n    },\r\n    {\r\n      \"resourceType\": \"locations/bareMetalTenants\",\r\n      \"locations\": [\r\n        \"West Europe\",\r\n        \"Central US\",\r\n        \"West US\",\r\n        \"East US\",\r\n        \"North Central US\",\r\n        \"South Central US\",\r\n        \"East US 2\",\r\n        \"North Europe\"\r\n      ],\r\n      \"apiVersions\": [\r\n        \"2018-12-01\",\r\n        \"2018-11-01\",\r\n        \"2018-10-01\",\r\n        \"2018-08-01\",\r\n        \"2018-07-01\"\r\n      ]\r\n    }\r\n  ],\r\n  \"registrationState\": \"Registering\"\r\n}",
      "StatusCode": 200
    },
    {
      "RequestUri": "/subscriptions/0e5a46b1-de0b-4ec3-a5d7-dda908b4e076/resourceGroups/ps4864/providers/Microsoft.Network/virtualNetworks/ps6582?api-version=2018-11-01",
      "EncodedRequestUri": "L3N1YnNjcmlwdGlvbnMvMGU1YTQ2YjEtZGUwYi00ZWMzLWE1ZDctZGRhOTA4YjRlMDc2L3Jlc291cmNlR3JvdXBzL3BzNDg2NC9wcm92aWRlcnMvTWljcm9zb2Z0Lk5ldHdvcmsvdmlydHVhbE5ldHdvcmtzL3BzNjU4Mj9hcGktdmVyc2lvbj0yMDE4LTExLTAx",
      "RequestMethod": "GET",
      "RequestBody": "",
      "RequestHeaders": {
        "x-ms-client-request-id": [
          "2ef56c84-5afc-4daa-af99-e4af62cf9185"
        ],
        "Accept-Language": [
          "en-US"
        ],
        "User-Agent": [
          "FxVersion/4.6.27019.06",
          "OSName/Windows",
          "OSVersion/Microsoft.Windows.10.0.17763.",
          "Microsoft.Azure.Management.Network.NetworkManagementClient/19.8.1.0"
        ]
      },
      "ResponseHeaders": {
        "Cache-Control": [
          "no-cache"
        ],
        "Pragma": [
          "no-cache"
        ],
        "x-ms-failure-cause": [
          "gateway"
        ],
        "x-ms-request-id": [
          "0bc40dac-2521-47be-a424-eccea894620b"
        ],
        "x-ms-correlation-request-id": [
          "0bc40dac-2521-47be-a424-eccea894620b"
        ],
        "x-ms-routing-request-id": [
          "NORTHEUROPE:20190222T022805Z:0bc40dac-2521-47be-a424-eccea894620b"
        ],
        "Strict-Transport-Security": [
          "max-age=31536000; includeSubDomains"
        ],
        "X-Content-Type-Options": [
          "nosniff"
        ],
        "Date": [
          "Fri, 22 Feb 2019 02:28:04 GMT"
        ],
        "Content-Type": [
          "application/json; charset=utf-8"
        ],
        "Expires": [
          "-1"
        ],
        "Content-Length": [
          "150"
        ]
      },
      "ResponseBody": "{\r\n  \"error\": {\r\n    \"code\": \"ResourceNotFound\",\r\n    \"message\": \"The Resource 'Microsoft.Network/virtualNetworks/ps6582' under resource group 'ps4864' was not found.\"\r\n  }\r\n}",
      "StatusCode": 404
    },
    {
      "RequestUri": "/subscriptions/0e5a46b1-de0b-4ec3-a5d7-dda908b4e076/resourceGroups/ps4864/providers/Microsoft.Network/virtualNetworks/ps6582?api-version=2018-11-01",
      "EncodedRequestUri": "L3N1YnNjcmlwdGlvbnMvMGU1YTQ2YjEtZGUwYi00ZWMzLWE1ZDctZGRhOTA4YjRlMDc2L3Jlc291cmNlR3JvdXBzL3BzNDg2NC9wcm92aWRlcnMvTWljcm9zb2Z0Lk5ldHdvcmsvdmlydHVhbE5ldHdvcmtzL3BzNjU4Mj9hcGktdmVyc2lvbj0yMDE4LTExLTAx",
      "RequestMethod": "GET",
      "RequestBody": "",
      "RequestHeaders": {
        "User-Agent": [
          "FxVersion/4.6.27019.06",
          "OSName/Windows",
          "OSVersion/Microsoft.Windows.10.0.17763.",
          "Microsoft.Azure.Management.Network.NetworkManagementClient/19.8.1.0"
        ]
      },
      "ResponseHeaders": {
        "Cache-Control": [
          "no-cache"
        ],
        "Pragma": [
          "no-cache"
        ],
        "ETag": [
          "W/\"b7505224-5e06-479f-b792-50251a337d25\""
        ],
        "x-ms-request-id": [
          "706f4ae1-b24f-40e0-a20f-17ac7af6e4f2"
        ],
        "x-ms-correlation-request-id": [
          "f63f02f6-5f90-4474-90cd-076caedced5c"
        ],
        "Strict-Transport-Security": [
          "max-age=31536000; includeSubDomains"
        ],
        "Server": [
          "Microsoft-HTTPAPI/2.0",
          "Microsoft-HTTPAPI/2.0"
        ],
        "x-ms-ratelimit-remaining-subscription-reads": [
          "14966"
        ],
        "x-ms-routing-request-id": [
          "NORTHEUROPE:20190222T022810Z:f63f02f6-5f90-4474-90cd-076caedced5c"
        ],
        "X-Content-Type-Options": [
          "nosniff"
        ],
        "Date": [
          "Fri, 22 Feb 2019 02:28:10 GMT"
        ],
        "Content-Length": [
          "630"
        ],
        "Content-Type": [
          "application/json; charset=utf-8"
        ],
        "Expires": [
          "-1"
        ]
      },
      "ResponseBody": "{\r\n  \"name\": \"ps6582\",\r\n  \"id\": \"/subscriptions/0e5a46b1-de0b-4ec3-a5d7-dda908b4e076/resourceGroups/ps4864/providers/Microsoft.Network/virtualNetworks/ps6582\",\r\n  \"etag\": \"W/\\\"b7505224-5e06-479f-b792-50251a337d25\\\"\",\r\n  \"type\": \"Microsoft.Network/virtualNetworks\",\r\n  \"location\": \"westus\",\r\n  \"properties\": {\r\n    \"provisioningState\": \"Succeeded\",\r\n    \"resourceGuid\": \"fbeaf527-53fc-4f79-8933-e143fe628838\",\r\n    \"addressSpace\": {\r\n      \"addressPrefixes\": [\r\n        \"10.0.0.0/8\"\r\n      ]\r\n    },\r\n    \"subnets\": [],\r\n    \"virtualNetworkPeerings\": [],\r\n    \"enableDdosProtection\": false,\r\n    \"enableVmProtection\": false\r\n  }\r\n}",
      "StatusCode": 200
    },
    {
      "RequestUri": "/subscriptions/0e5a46b1-de0b-4ec3-a5d7-dda908b4e076/resourceGroups/ps4864/providers/Microsoft.Network/virtualNetworks/ps6582?api-version=2018-11-01",
      "EncodedRequestUri": "L3N1YnNjcmlwdGlvbnMvMGU1YTQ2YjEtZGUwYi00ZWMzLWE1ZDctZGRhOTA4YjRlMDc2L3Jlc291cmNlR3JvdXBzL3BzNDg2NC9wcm92aWRlcnMvTWljcm9zb2Z0Lk5ldHdvcmsvdmlydHVhbE5ldHdvcmtzL3BzNjU4Mj9hcGktdmVyc2lvbj0yMDE4LTExLTAx",
      "RequestMethod": "GET",
      "RequestBody": "",
      "RequestHeaders": {
        "x-ms-client-request-id": [
          "b0c9d4d7-2a2e-4013-b7c7-26f80da85ca3"
        ],
        "Accept-Language": [
          "en-US"
        ],
        "User-Agent": [
          "FxVersion/4.6.27019.06",
          "OSName/Windows",
          "OSVersion/Microsoft.Windows.10.0.17763.",
          "Microsoft.Azure.Management.Network.NetworkManagementClient/19.8.1.0"
        ]
      },
      "ResponseHeaders": {
        "Cache-Control": [
          "no-cache"
        ],
        "Pragma": [
          "no-cache"
        ],
        "ETag": [
          "W/\"b7505224-5e06-479f-b792-50251a337d25\""
        ],
        "x-ms-request-id": [
          "a8e517c0-552a-49ff-94e2-c258cf03baee"
        ],
        "x-ms-correlation-request-id": [
          "68822b30-1059-47bc-b2a5-a75ced21de12"
        ],
        "Strict-Transport-Security": [
          "max-age=31536000; includeSubDomains"
        ],
        "Server": [
          "Microsoft-HTTPAPI/2.0",
          "Microsoft-HTTPAPI/2.0"
        ],
        "x-ms-ratelimit-remaining-subscription-reads": [
          "14965"
        ],
        "x-ms-routing-request-id": [
          "NORTHEUROPE:20190222T022811Z:68822b30-1059-47bc-b2a5-a75ced21de12"
        ],
        "X-Content-Type-Options": [
          "nosniff"
        ],
        "Date": [
          "Fri, 22 Feb 2019 02:28:10 GMT"
        ],
        "Content-Length": [
          "630"
        ],
        "Content-Type": [
          "application/json; charset=utf-8"
        ],
        "Expires": [
          "-1"
        ]
      },
      "ResponseBody": "{\r\n  \"name\": \"ps6582\",\r\n  \"id\": \"/subscriptions/0e5a46b1-de0b-4ec3-a5d7-dda908b4e076/resourceGroups/ps4864/providers/Microsoft.Network/virtualNetworks/ps6582\",\r\n  \"etag\": \"W/\\\"b7505224-5e06-479f-b792-50251a337d25\\\"\",\r\n  \"type\": \"Microsoft.Network/virtualNetworks\",\r\n  \"location\": \"westus\",\r\n  \"properties\": {\r\n    \"provisioningState\": \"Succeeded\",\r\n    \"resourceGuid\": \"fbeaf527-53fc-4f79-8933-e143fe628838\",\r\n    \"addressSpace\": {\r\n      \"addressPrefixes\": [\r\n        \"10.0.0.0/8\"\r\n      ]\r\n    },\r\n    \"subnets\": [],\r\n    \"virtualNetworkPeerings\": [],\r\n    \"enableDdosProtection\": false,\r\n    \"enableVmProtection\": false\r\n  }\r\n}",
      "StatusCode": 200
    },
    {
      "RequestUri": "/subscriptions/0e5a46b1-de0b-4ec3-a5d7-dda908b4e076/resourceGroups/ps4864/providers/Microsoft.Network/virtualNetworks/ps6582?api-version=2018-11-01",
      "EncodedRequestUri": "L3N1YnNjcmlwdGlvbnMvMGU1YTQ2YjEtZGUwYi00ZWMzLWE1ZDctZGRhOTA4YjRlMDc2L3Jlc291cmNlR3JvdXBzL3BzNDg2NC9wcm92aWRlcnMvTWljcm9zb2Z0Lk5ldHdvcmsvdmlydHVhbE5ldHdvcmtzL3BzNjU4Mj9hcGktdmVyc2lvbj0yMDE4LTExLTAx",
      "RequestMethod": "PUT",
      "RequestBody": "{\r\n  \"properties\": {\r\n    \"addressSpace\": {\r\n      \"addressPrefixes\": [\r\n        \"10.0.0.0/8\"\r\n      ]\r\n    },\r\n    \"subnets\": [],\r\n    \"virtualNetworkPeerings\": [],\r\n    \"enableDdosProtection\": false\r\n  },\r\n  \"location\": \"West US\"\r\n}",
      "RequestHeaders": {
        "x-ms-client-request-id": [
          "d71b7869-da6a-42a8-94ac-f6365cf2310c"
        ],
        "Accept-Language": [
          "en-US"
        ],
        "User-Agent": [
          "FxVersion/4.6.27019.06",
          "OSName/Windows",
          "OSVersion/Microsoft.Windows.10.0.17763.",
          "Microsoft.Azure.Management.Network.NetworkManagementClient/19.8.1.0"
        ],
        "Content-Type": [
          "application/json; charset=utf-8"
        ],
        "Content-Length": [
          "234"
        ]
      },
      "ResponseHeaders": {
        "Cache-Control": [
          "no-cache"
        ],
        "Pragma": [
          "no-cache"
        ],
        "Retry-After": [
          "3"
        ],
        "x-ms-request-id": [
          "16dd3f97-c46e-40b4-b1e5-9bd655997861"
        ],
        "Azure-AsyncOperation": [
          "https://api-dogfood.resources.windows-int.net/subscriptions/0e5a46b1-de0b-4ec3-a5d7-dda908b4e076/providers/Microsoft.Network/locations/nrp8/operations/16dd3f97-c46e-40b4-b1e5-9bd655997861?api-version=2018-11-01"
        ],
        "x-ms-correlation-request-id": [
          "982eba54-e270-4a4f-afb9-3b934fcd609e"
        ],
        "Strict-Transport-Security": [
          "max-age=31536000; includeSubDomains"
        ],
        "Server": [
          "Microsoft-HTTPAPI/2.0",
          "Microsoft-HTTPAPI/2.0"
        ],
        "x-ms-ratelimit-remaining-subscription-writes": [
          "1198"
        ],
        "x-ms-routing-request-id": [
          "NORTHEUROPE:20190222T022806Z:982eba54-e270-4a4f-afb9-3b934fcd609e"
        ],
        "X-Content-Type-Options": [
          "nosniff"
        ],
        "Date": [
          "Fri, 22 Feb 2019 02:28:06 GMT"
        ],
        "Content-Length": [
          "629"
        ],
        "Content-Type": [
          "application/json; charset=utf-8"
        ],
        "Expires": [
          "-1"
        ]
      },
      "ResponseBody": "{\r\n  \"name\": \"ps6582\",\r\n  \"id\": \"/subscriptions/0e5a46b1-de0b-4ec3-a5d7-dda908b4e076/resourceGroups/ps4864/providers/Microsoft.Network/virtualNetworks/ps6582\",\r\n  \"etag\": \"W/\\\"0748235c-6f20-4a7d-a5a3-095e6a015aad\\\"\",\r\n  \"type\": \"Microsoft.Network/virtualNetworks\",\r\n  \"location\": \"westus\",\r\n  \"properties\": {\r\n    \"provisioningState\": \"Updating\",\r\n    \"resourceGuid\": \"fbeaf527-53fc-4f79-8933-e143fe628838\",\r\n    \"addressSpace\": {\r\n      \"addressPrefixes\": [\r\n        \"10.0.0.0/8\"\r\n      ]\r\n    },\r\n    \"subnets\": [],\r\n    \"virtualNetworkPeerings\": [],\r\n    \"enableDdosProtection\": false,\r\n    \"enableVmProtection\": false\r\n  }\r\n}",
      "StatusCode": 201
    },
    {
      "RequestUri": "/subscriptions/0e5a46b1-de0b-4ec3-a5d7-dda908b4e076/providers/Microsoft.Network/locations/nrp8/operations/16dd3f97-c46e-40b4-b1e5-9bd655997861?api-version=2018-11-01",
      "EncodedRequestUri": "L3N1YnNjcmlwdGlvbnMvMGU1YTQ2YjEtZGUwYi00ZWMzLWE1ZDctZGRhOTA4YjRlMDc2L3Byb3ZpZGVycy9NaWNyb3NvZnQuTmV0d29yay9sb2NhdGlvbnMvbnJwOC9vcGVyYXRpb25zLzE2ZGQzZjk3LWM0NmUtNDBiNC1iMWU1LTliZDY1NTk5Nzg2MT9hcGktdmVyc2lvbj0yMDE4LTExLTAx",
      "RequestMethod": "GET",
      "RequestBody": "",
      "RequestHeaders": {
        "User-Agent": [
          "FxVersion/4.6.27019.06",
          "OSName/Windows",
          "OSVersion/Microsoft.Windows.10.0.17763.",
          "Microsoft.Azure.Management.Network.NetworkManagementClient/19.8.1.0"
        ]
      },
      "ResponseHeaders": {
        "Cache-Control": [
          "no-cache"
        ],
        "Pragma": [
          "no-cache"
        ],
        "x-ms-request-id": [
          "582ce6bd-617e-49f8-816e-d7e8d1c064a5"
        ],
        "x-ms-correlation-request-id": [
          "6c940e06-3779-470a-b7d3-f28c9afe122e"
        ],
        "Strict-Transport-Security": [
          "max-age=31536000; includeSubDomains"
        ],
        "Server": [
          "Microsoft-HTTPAPI/2.0",
          "Microsoft-HTTPAPI/2.0"
        ],
        "x-ms-ratelimit-remaining-subscription-reads": [
          "14967"
        ],
        "x-ms-routing-request-id": [
          "NORTHEUROPE:20190222T022810Z:6c940e06-3779-470a-b7d3-f28c9afe122e"
        ],
        "X-Content-Type-Options": [
          "nosniff"
        ],
        "Date": [
          "Fri, 22 Feb 2019 02:28:10 GMT"
        ],
        "Content-Length": [
          "29"
        ],
        "Content-Type": [
          "application/json; charset=utf-8"
        ],
        "Expires": [
          "-1"
        ]
      },
      "ResponseBody": "{\r\n  \"status\": \"Succeeded\"\r\n}",
      "StatusCode": 200
    },
    {
      "RequestUri": "/subscriptions/0e5a46b1-de0b-4ec3-a5d7-dda908b4e076/resourceGroups/ps4864/providers/Microsoft.Network/privateDnsZones/ps4267.pstest.test/virtualNetworkLinks/ps7844.testlink?api-version=2018-09-01",
      "EncodedRequestUri": "L3N1YnNjcmlwdGlvbnMvMGU1YTQ2YjEtZGUwYi00ZWMzLWE1ZDctZGRhOTA4YjRlMDc2L3Jlc291cmNlR3JvdXBzL3BzNDg2NC9wcm92aWRlcnMvTWljcm9zb2Z0Lk5ldHdvcmsvcHJpdmF0ZURuc1pvbmVzL3BzNDI2Ny5wc3Rlc3QudGVzdC92aXJ0dWFsTmV0d29ya0xpbmtzL3BzNzg0NC50ZXN0bGluaz9hcGktdmVyc2lvbj0yMDE4LTA5LTAx",
      "RequestMethod": "PUT",
      "RequestBody": "{\r\n  \"properties\": {\r\n    \"virtualNetwork\": {\r\n      \"id\": \"/subscriptions/0e5a46b1-de0b-4ec3-a5d7-dda908b4e076/resourceGroups/ps4864/providers/Microsoft.Network/virtualNetworks/ps6582\"\r\n    },\r\n    \"registrationEnabled\": false\r\n  },\r\n  \"tags\": {\r\n    \"tag1\": \"value1\"\r\n  },\r\n  \"location\": \"global\"\r\n}",
      "RequestHeaders": {
        "x-ms-client-request-id": [
          "2baae02f-3648-4634-9709-9ccf99cb718c"
        ],
        "If-None-Match": [
          "*"
        ],
        "Accept-Language": [
          "en-US"
        ],
        "User-Agent": [
          "FxVersion/4.6.27019.06",
          "OSName/Windows",
          "OSVersion/Microsoft.Windows.10.0.17763.",
          "Microsoft.Azure.Management.PrivateDns.PrivateDnsManagementClient/1.0.0.0"
        ],
        "Content-Type": [
          "application/json; charset=utf-8"
        ],
        "Content-Length": [
          "301"
        ]
      },
      "ResponseHeaders": {
        "Cache-Control": [
          "private"
        ],
        "Location": [
          "https://api-dogfood.resources.windows-int.net/subscriptions/0e5a46b1-de0b-4ec3-a5d7-dda908b4e076/resourceGroups/ps4864/providers/Microsoft.Network/privateDnsOperationResults/RnJvbnRFbmRBc3luY09wZXJhdGlvbjtVcHNlcnRWaXJ0dWFsTmV0d29ya0xpbms7NjVmZDFlMjYtYTdjZi00MjRhLWFlYzAtODdiYzI2NjNiYmNm?api-version=2018-09-01"
        ],
        "Retry-After": [
          "3"
        ],
        "X-Content-Type-Options": [
          "nosniff"
        ],
        "Strict-Transport-Security": [
          "max-age=31536000; includeSubDomains"
        ],
        "Azure-AsyncOperation": [
          "https://api-dogfood.resources.windows-int.net:443/subscriptions/0e5a46b1-de0b-4ec3-a5d7-dda908b4e076/resourceGroups/ps4864/providers/Microsoft.Network/privateDnsOperationStatuses/RnJvbnRFbmRBc3luY09wZXJhdGlvbjtVcHNlcnRWaXJ0dWFsTmV0d29ya0xpbms7NjVmZDFlMjYtYTdjZi00MjRhLWFlYzAtODdiYzI2NjNiYmNm?api-version=2018-09-01"
        ],
        "x-ms-request-id": [
          "2baae02f-3648-4634-9709-9ccf99cb718c"
        ],
        "Server": [
          "Microsoft-IIS/10.0"
        ],
        "X-AspNet-Version": [
          "4.0.30319"
        ],
        "X-Powered-By": [
          "ASP.NET"
        ],
        "x-ms-ratelimit-remaining-subscription-resource-requests": [
          "11998"
        ],
        "x-ms-correlation-request-id": [
          "166ae9d5-a18f-49b4-b275-0db02fd6e6c3"
        ],
        "x-ms-routing-request-id": [
          "NORTHEUROPE:20190222T022812Z:166ae9d5-a18f-49b4-b275-0db02fd6e6c3"
        ],
        "Date": [
          "Fri, 22 Feb 2019 02:28:11 GMT"
        ],
        "Content-Length": [
          "2"
        ],
        "Content-Type": [
          "application/json; charset=utf-8"
        ]
      },
      "ResponseBody": "{}",
      "StatusCode": 202
    },
    {
      "RequestUri": "/subscriptions/0e5a46b1-de0b-4ec3-a5d7-dda908b4e076/resourceGroups/ps4864/providers/Microsoft.Network/privateDnsZones/ps4267.pstest.test/virtualNetworkLinks/ps7844.testlink?api-version=2018-09-01",
      "EncodedRequestUri": "L3N1YnNjcmlwdGlvbnMvMGU1YTQ2YjEtZGUwYi00ZWMzLWE1ZDctZGRhOTA4YjRlMDc2L3Jlc291cmNlR3JvdXBzL3BzNDg2NC9wcm92aWRlcnMvTWljcm9zb2Z0Lk5ldHdvcmsvcHJpdmF0ZURuc1pvbmVzL3BzNDI2Ny5wc3Rlc3QudGVzdC92aXJ0dWFsTmV0d29ya0xpbmtzL3BzNzg0NC50ZXN0bGluaz9hcGktdmVyc2lvbj0yMDE4LTA5LTAx",
      "RequestMethod": "PUT",
      "RequestBody": "{\r\n  \"properties\": {\r\n    \"virtualNetwork\": {\r\n      \"id\": \"/subscriptions/0e5a46b1-de0b-4ec3-a5d7-dda908b4e076/resourceGroups/ps4864/providers/Microsoft.Network/virtualNetworks/ps6582\"\r\n    },\r\n    \"registrationEnabled\": true\r\n  },\r\n  \"tags\": {\r\n    \"tag1\": \"value1\"\r\n  },\r\n  \"location\": \"global\"\r\n}",
      "RequestHeaders": {
        "x-ms-client-request-id": [
          "562141b1-18fb-419d-ab9e-53c2874b1fc9"
        ],
        "Accept-Language": [
          "en-US"
        ],
        "User-Agent": [
          "FxVersion/4.6.27019.06",
          "OSName/Windows",
          "OSVersion/Microsoft.Windows.10.0.17763.",
          "Microsoft.Azure.Management.PrivateDns.PrivateDnsManagementClient/1.0.0.0"
        ],
        "Content-Type": [
          "application/json; charset=utf-8"
        ],
        "Content-Length": [
          "300"
        ]
      },
      "ResponseHeaders": {
        "Cache-Control": [
          "private"
        ],
        "Location": [
          "https://api-dogfood.resources.windows-int.net/subscriptions/0e5a46b1-de0b-4ec3-a5d7-dda908b4e076/resourceGroups/ps4864/providers/Microsoft.Network/privateDnsOperationResults/RnJvbnRFbmRBc3luY09wZXJhdGlvbjtVcHNlcnRWaXJ0dWFsTmV0d29ya0xpbms7ZjY4NTM2ZDAtZmM3NS00ZWViLTliOTQtOGE2ZWU5ZTQ4YjY5?api-version=2018-09-01"
        ],
        "Retry-After": [
          "3"
        ],
        "X-Content-Type-Options": [
          "nosniff"
        ],
        "Strict-Transport-Security": [
          "max-age=31536000; includeSubDomains"
        ],
        "Azure-AsyncOperation": [
          "https://api-dogfood.resources.windows-int.net:443/subscriptions/0e5a46b1-de0b-4ec3-a5d7-dda908b4e076/resourceGroups/ps4864/providers/Microsoft.Network/privateDnsOperationStatuses/RnJvbnRFbmRBc3luY09wZXJhdGlvbjtVcHNlcnRWaXJ0dWFsTmV0d29ya0xpbms7ZjY4NTM2ZDAtZmM3NS00ZWViLTliOTQtOGE2ZWU5ZTQ4YjY5?api-version=2018-09-01"
        ],
        "x-ms-request-id": [
          "562141b1-18fb-419d-ab9e-53c2874b1fc9"
        ],
        "Server": [
          "Microsoft-IIS/10.0"
        ],
        "X-AspNet-Version": [
          "4.0.30319"
        ],
        "X-Powered-By": [
          "ASP.NET"
        ],
        "x-ms-ratelimit-remaining-subscription-resource-requests": [
          "11997"
        ],
        "x-ms-correlation-request-id": [
          "9fab519d-3796-4a66-b986-265f5e58608d"
        ],
        "x-ms-routing-request-id": [
          "NORTHEUROPE:20190222T022816Z:9fab519d-3796-4a66-b986-265f5e58608d"
        ],
        "Date": [
          "Fri, 22 Feb 2019 02:28:16 GMT"
        ],
        "Content-Length": [
          "2"
        ],
        "Content-Type": [
          "application/json; charset=utf-8"
        ]
      },
      "ResponseBody": "{}",
      "StatusCode": 202
    },
    {
      "RequestUri": "/subscriptions/0e5a46b1-de0b-4ec3-a5d7-dda908b4e076/resourceGroups/ps4864/providers/Microsoft.Network/privateDnsOperationStatuses/RnJvbnRFbmRBc3luY09wZXJhdGlvbjtVcHNlcnRWaXJ0dWFsTmV0d29ya0xpbms7NjVmZDFlMjYtYTdjZi00MjRhLWFlYzAtODdiYzI2NjNiYmNm?api-version=2018-09-01",
      "EncodedRequestUri": "L3N1YnNjcmlwdGlvbnMvMGU1YTQ2YjEtZGUwYi00ZWMzLWE1ZDctZGRhOTA4YjRlMDc2L3Jlc291cmNlR3JvdXBzL3BzNDg2NC9wcm92aWRlcnMvTWljcm9zb2Z0Lk5ldHdvcmsvcHJpdmF0ZURuc09wZXJhdGlvblN0YXR1c2VzL1JuSnZiblJGYm1SQmMzbHVZMDl3WlhKaGRHbHZianRWY0hObGNuUldhWEowZFdGc1RtVjBkMjl5YTB4cGJtczdOalZtWkRGbE1qWXRZVGRqWmkwME1qUmhMV0ZsWXpBdE9EZGlZekkyTmpOaVltTm0/YXBpLXZlcnNpb249MjAxOC0wOS0wMQ==",
      "RequestMethod": "GET",
      "RequestBody": "",
      "RequestHeaders": {
        "User-Agent": [
          "FxVersion/4.6.27019.06",
          "OSName/Windows",
          "OSVersion/Microsoft.Windows.10.0.17763.",
          "Microsoft.Azure.Management.PrivateDns.PrivateDnsManagementClient/1.0.0.0"
        ]
      },
      "ResponseHeaders": {
        "Cache-Control": [
          "private"
        ],
        "X-Content-Type-Options": [
          "nosniff"
        ],
        "Strict-Transport-Security": [
          "max-age=31536000; includeSubDomains"
        ],
        "x-ms-request-id": [
          "0c471b6c-68ea-4a05-9ca6-fb6ec50df109"
        ],
        "Server": [
          "Microsoft-IIS/10.0"
        ],
        "X-AspNet-Version": [
          "4.0.30319"
        ],
        "X-Powered-By": [
          "ASP.NET"
        ],
        "x-ms-ratelimit-remaining-subscription-resource-requests": [
          "11981"
        ],
        "x-ms-correlation-request-id": [
          "92964195-d596-4c5e-bd51-4d7d81875320"
        ],
        "x-ms-routing-request-id": [
          "NORTHEUROPE:20190222T022816Z:92964195-d596-4c5e-bd51-4d7d81875320"
        ],
        "Date": [
          "Fri, 22 Feb 2019 02:28:15 GMT"
        ],
        "Content-Length": [
          "22"
        ],
        "Content-Type": [
          "application/json; charset=utf-8"
        ]
      },
      "ResponseBody": "{\r\n  \"status\": \"Succeeded\"\r\n}",
      "StatusCode": 200
    },
    {
      "RequestUri": "/subscriptions/0e5a46b1-de0b-4ec3-a5d7-dda908b4e076/resourceGroups/ps4864/providers/Microsoft.Network/privateDnsZones/ps4267.pstest.test/virtualNetworkLinks/ps7844.testlink?api-version=2018-09-01",
      "EncodedRequestUri": "L3N1YnNjcmlwdGlvbnMvMGU1YTQ2YjEtZGUwYi00ZWMzLWE1ZDctZGRhOTA4YjRlMDc2L3Jlc291cmNlR3JvdXBzL3BzNDg2NC9wcm92aWRlcnMvTWljcm9zb2Z0Lk5ldHdvcmsvcHJpdmF0ZURuc1pvbmVzL3BzNDI2Ny5wc3Rlc3QudGVzdC92aXJ0dWFsTmV0d29ya0xpbmtzL3BzNzg0NC50ZXN0bGluaz9hcGktdmVyc2lvbj0yMDE4LTA5LTAx",
      "RequestMethod": "GET",
      "RequestBody": "",
      "RequestHeaders": {
        "User-Agent": [
          "FxVersion/4.6.27019.06",
          "OSName/Windows",
          "OSVersion/Microsoft.Windows.10.0.17763.",
          "Microsoft.Azure.Management.PrivateDns.PrivateDnsManagementClient/1.0.0.0"
        ]
      },
      "ResponseHeaders": {
        "Cache-Control": [
          "private"
        ],
        "ETag": [
          "\"08008f1f-0000-0000-0000-5c6f5e3e0000\""
        ],
        "X-Content-Type-Options": [
          "nosniff"
        ],
        "Strict-Transport-Security": [
          "max-age=31536000; includeSubDomains"
        ],
        "x-ms-request-id": [
          "5eb0dd3a-097f-457b-b2d2-6e83d3cf343c"
        ],
        "Server": [
          "Microsoft-IIS/10.0"
        ],
        "X-AspNet-Version": [
          "4.0.30319"
        ],
        "X-Powered-By": [
          "ASP.NET"
        ],
        "x-ms-ratelimit-remaining-subscription-resource-requests": [
          "11997"
        ],
        "x-ms-correlation-request-id": [
          "dbfa05be-46ea-46ce-8419-8321ae27217d"
        ],
        "x-ms-routing-request-id": [
          "NORTHEUROPE:20190222T022816Z:dbfa05be-46ea-46ce-8419-8321ae27217d"
        ],
        "Date": [
          "Fri, 22 Feb 2019 02:28:16 GMT"
        ],
        "Content-Length": [
          "648"
        ],
        "Content-Type": [
          "application/json; charset=utf-8"
        ]
      },
      "ResponseBody": "{\r\n  \"id\": \"/subscriptions/0e5a46b1-de0b-4ec3-a5d7-dda908b4e076/resourceGroups/ps4864/providers/Microsoft.Network/privateDnsZones/ps4267.pstest.test/virtualNetworkLinks/ps7844.testlink\",\r\n  \"name\": \"ps7844.testlink\",\r\n  \"type\": \"Microsoft.Network/privateDnsZones/virtualNetworkLinks\",\r\n  \"etag\": \"\\\"08008f1f-0000-0000-0000-5c6f5e3e0000\\\"\",\r\n  \"location\": \"global\",\r\n  \"tags\": {\r\n    \"tag1\": \"value1\"\r\n  },\r\n  \"properties\": {\r\n    \"provisioningState\": \"Succeeded\",\r\n    \"registrationEnabled\": false,\r\n    \"virtualNetwork\": {\r\n      \"id\": \"/subscriptions/0e5a46b1-de0b-4ec3-a5d7-dda908b4e076/resourceGroups/ps4864/providers/Microsoft.Network/virtualNetworks/ps6582\"\r\n    },\r\n    \"virtualNetworkLinkState\": \"Completed\"\r\n  }\r\n}",
      "StatusCode": 200
    },
    {
      "RequestUri": "/subscriptions/0e5a46b1-de0b-4ec3-a5d7-dda908b4e076/resourceGroups/ps4864/providers/Microsoft.Network/privateDnsZones/ps4267.pstest.test/virtualNetworkLinks/ps7844.testlink?api-version=2018-09-01",
      "EncodedRequestUri": "L3N1YnNjcmlwdGlvbnMvMGU1YTQ2YjEtZGUwYi00ZWMzLWE1ZDctZGRhOTA4YjRlMDc2L3Jlc291cmNlR3JvdXBzL3BzNDg2NC9wcm92aWRlcnMvTWljcm9zb2Z0Lk5ldHdvcmsvcHJpdmF0ZURuc1pvbmVzL3BzNDI2Ny5wc3Rlc3QudGVzdC92aXJ0dWFsTmV0d29ya0xpbmtzL3BzNzg0NC50ZXN0bGluaz9hcGktdmVyc2lvbj0yMDE4LTA5LTAx",
      "RequestMethod": "GET",
      "RequestBody": "",
      "RequestHeaders": {
        "User-Agent": [
          "FxVersion/4.6.27019.06",
          "OSName/Windows",
          "OSVersion/Microsoft.Windows.10.0.17763.",
          "Microsoft.Azure.Management.PrivateDns.PrivateDnsManagementClient/1.0.0.0"
        ]
      },
      "ResponseHeaders": {
        "Cache-Control": [
          "private"
        ],
        "ETag": [
          "\"0800931f-0000-0000-0000-5c6f5e470000\""
        ],
        "X-Content-Type-Options": [
          "nosniff"
        ],
        "Strict-Transport-Security": [
          "max-age=31536000; includeSubDomains"
        ],
        "x-ms-request-id": [
          "cfbafcac-7a60-446d-9be9-21fc4e355a65"
        ],
        "Server": [
          "Microsoft-IIS/10.0"
        ],
        "X-AspNet-Version": [
          "4.0.30319"
        ],
        "X-Powered-By": [
          "ASP.NET"
        ],
        "x-ms-ratelimit-remaining-subscription-resource-requests": [
          "11996"
        ],
        "x-ms-correlation-request-id": [
          "ee232109-e3cf-4a5a-afb5-8165c0b995e1"
        ],
        "x-ms-routing-request-id": [
          "NORTHEUROPE:20190222T022823Z:ee232109-e3cf-4a5a-afb5-8165c0b995e1"
        ],
        "Date": [
          "Fri, 22 Feb 2019 02:28:22 GMT"
        ],
        "Content-Length": [
          "648"
        ],
        "Content-Type": [
          "application/json; charset=utf-8"
        ]
      },
      "ResponseBody": "{\r\n  \"id\": \"/subscriptions/0e5a46b1-de0b-4ec3-a5d7-dda908b4e076/resourceGroups/ps4864/providers/Microsoft.Network/privateDnsZones/ps4267.pstest.test/virtualNetworkLinks/ps7844.testlink\",\r\n  \"name\": \"ps7844.testlink\",\r\n  \"type\": \"Microsoft.Network/privateDnsZones/virtualNetworkLinks\",\r\n  \"etag\": \"\\\"0800931f-0000-0000-0000-5c6f5e470000\\\"\",\r\n  \"location\": \"global\",\r\n  \"tags\": {\r\n    \"tag1\": \"value1\"\r\n  },\r\n  \"properties\": {\r\n    \"provisioningState\": \"Succeeded\",\r\n    \"registrationEnabled\": true,\r\n    \"virtualNetwork\": {\r\n      \"id\": \"/subscriptions/0e5a46b1-de0b-4ec3-a5d7-dda908b4e076/resourceGroups/ps4864/providers/Microsoft.Network/virtualNetworks/ps6582\"\r\n    },\r\n    \"virtualNetworkLinkState\": \"InProgress\"\r\n  }\r\n}",
      "StatusCode": 200
    },
    {
      "RequestUri": "/subscriptions/0e5a46b1-de0b-4ec3-a5d7-dda908b4e076/resourceGroups/ps4864/providers/Microsoft.Network/privateDnsOperationStatuses/RnJvbnRFbmRBc3luY09wZXJhdGlvbjtVcHNlcnRWaXJ0dWFsTmV0d29ya0xpbms7ZjY4NTM2ZDAtZmM3NS00ZWViLTliOTQtOGE2ZWU5ZTQ4YjY5?api-version=2018-09-01",
      "EncodedRequestUri": "L3N1YnNjcmlwdGlvbnMvMGU1YTQ2YjEtZGUwYi00ZWMzLWE1ZDctZGRhOTA4YjRlMDc2L3Jlc291cmNlR3JvdXBzL3BzNDg2NC9wcm92aWRlcnMvTWljcm9zb2Z0Lk5ldHdvcmsvcHJpdmF0ZURuc09wZXJhdGlvblN0YXR1c2VzL1JuSnZiblJGYm1SQmMzbHVZMDl3WlhKaGRHbHZianRWY0hObGNuUldhWEowZFdGc1RtVjBkMjl5YTB4cGJtczdaalk0TlRNMlpEQXRabU0zTlMwMFpXVmlMVGxpT1RRdE9HRTJaV1U1WlRRNFlqWTU/YXBpLXZlcnNpb249MjAxOC0wOS0wMQ==",
      "RequestMethod": "GET",
      "RequestBody": "",
      "RequestHeaders": {
        "User-Agent": [
          "FxVersion/4.6.27019.06",
          "OSName/Windows",
          "OSVersion/Microsoft.Windows.10.0.17763.",
          "Microsoft.Azure.Management.PrivateDns.PrivateDnsManagementClient/1.0.0.0"
        ]
      },
      "ResponseHeaders": {
        "Cache-Control": [
          "private"
        ],
        "Location": [
          "https://api-dogfood.resources.windows-int.net/subscriptions/0e5a46b1-de0b-4ec3-a5d7-dda908b4e076/resourceGroups/ps4864/providers/Microsoft.Network/privateDnsOperationResults/RnJvbnRFbmRBc3luY09wZXJhdGlvbjtVcHNlcnRWaXJ0dWFsTmV0d29ya0xpbms7ZjY4NTM2ZDAtZmM3NS00ZWViLTliOTQtOGE2ZWU5ZTQ4YjY5?api-version=2018-09-01"
        ],
        "Retry-After": [
          "3"
        ],
        "X-Content-Type-Options": [
          "nosniff"
        ],
        "Strict-Transport-Security": [
          "max-age=31536000; includeSubDomains"
        ],
        "Azure-AsyncOperation": [
          "https://api-dogfood.resources.windows-int.net:443/subscriptions/0e5a46b1-de0b-4ec3-a5d7-dda908b4e076/resourceGroups/ps4864/providers/Microsoft.Network/privateDnsOperationStatuses/RnJvbnRFbmRBc3luY09wZXJhdGlvbjtVcHNlcnRWaXJ0dWFsTmV0d29ya0xpbms7ZjY4NTM2ZDAtZmM3NS00ZWViLTliOTQtOGE2ZWU5ZTQ4YjY5?api-version=2018-09-01"
        ],
        "x-ms-request-id": [
          "5a460ef3-cf18-47c2-87af-5f99d24b4a92"
        ],
        "Server": [
          "Microsoft-IIS/10.0"
        ],
        "X-AspNet-Version": [
          "4.0.30319"
        ],
        "X-Powered-By": [
          "ASP.NET"
        ],
        "x-ms-ratelimit-remaining-subscription-resource-requests": [
          "11980"
        ],
        "x-ms-correlation-request-id": [
          "e6e86c09-e57c-4391-a634-a014169d4a58"
        ],
        "x-ms-routing-request-id": [
          "NORTHEUROPE:20190222T022820Z:e6e86c09-e57c-4391-a634-a014169d4a58"
        ],
        "Date": [
          "Fri, 22 Feb 2019 02:28:19 GMT"
        ],
        "Content-Length": [
          "23"
        ],
        "Content-Type": [
          "application/json; charset=utf-8"
        ]
      },
      "ResponseBody": "{\r\n  \"status\": \"InProgress\"\r\n}",
      "StatusCode": 202
    },
    {
      "RequestUri": "/subscriptions/0e5a46b1-de0b-4ec3-a5d7-dda908b4e076/resourceGroups/ps4864/providers/Microsoft.Network/privateDnsOperationStatuses/RnJvbnRFbmRBc3luY09wZXJhdGlvbjtVcHNlcnRWaXJ0dWFsTmV0d29ya0xpbms7ZjY4NTM2ZDAtZmM3NS00ZWViLTliOTQtOGE2ZWU5ZTQ4YjY5?api-version=2018-09-01",
      "EncodedRequestUri": "L3N1YnNjcmlwdGlvbnMvMGU1YTQ2YjEtZGUwYi00ZWMzLWE1ZDctZGRhOTA4YjRlMDc2L3Jlc291cmNlR3JvdXBzL3BzNDg2NC9wcm92aWRlcnMvTWljcm9zb2Z0Lk5ldHdvcmsvcHJpdmF0ZURuc09wZXJhdGlvblN0YXR1c2VzL1JuSnZiblJGYm1SQmMzbHVZMDl3WlhKaGRHbHZianRWY0hObGNuUldhWEowZFdGc1RtVjBkMjl5YTB4cGJtczdaalk0TlRNMlpEQXRabU0zTlMwMFpXVmlMVGxpT1RRdE9HRTJaV1U1WlRRNFlqWTU/YXBpLXZlcnNpb249MjAxOC0wOS0wMQ==",
      "RequestMethod": "GET",
      "RequestBody": "",
      "RequestHeaders": {
        "User-Agent": [
          "FxVersion/4.6.27019.06",
          "OSName/Windows",
          "OSVersion/Microsoft.Windows.10.0.17763.",
          "Microsoft.Azure.Management.PrivateDns.PrivateDnsManagementClient/1.0.0.0"
        ]
      },
      "ResponseHeaders": {
        "Cache-Control": [
          "private"
        ],
        "X-Content-Type-Options": [
          "nosniff"
        ],
        "Strict-Transport-Security": [
          "max-age=31536000; includeSubDomains"
        ],
        "x-ms-request-id": [
          "ea4188cc-a796-4215-8a2a-e81f36279d8e"
        ],
        "Server": [
          "Microsoft-IIS/10.0"
        ],
        "X-AspNet-Version": [
          "4.0.30319"
        ],
        "X-Powered-By": [
          "ASP.NET"
        ],
        "x-ms-ratelimit-remaining-subscription-resource-requests": [
          "11979"
        ],
        "x-ms-correlation-request-id": [
          "92d2f869-b0bd-4e56-84c8-9a9409033541"
        ],
        "x-ms-routing-request-id": [
          "NORTHEUROPE:20190222T022823Z:92d2f869-b0bd-4e56-84c8-9a9409033541"
        ],
        "Date": [
          "Fri, 22 Feb 2019 02:28:22 GMT"
        ],
        "Content-Length": [
          "22"
        ],
        "Content-Type": [
          "application/json; charset=utf-8"
        ]
      },
      "ResponseBody": "{\r\n  \"status\": \"Succeeded\"\r\n}",
      "StatusCode": 200
    },
    {
      "RequestUri": "/subscriptions/0e5a46b1-de0b-4ec3-a5d7-dda908b4e076/resourcegroups/ps4864?api-version=2016-09-01",
      "EncodedRequestUri": "L3N1YnNjcmlwdGlvbnMvMGU1YTQ2YjEtZGUwYi00ZWMzLWE1ZDctZGRhOTA4YjRlMDc2L3Jlc291cmNlZ3JvdXBzL3BzNDg2ND9hcGktdmVyc2lvbj0yMDE2LTA5LTAx",
      "RequestMethod": "DELETE",
      "RequestBody": "",
      "RequestHeaders": {
        "x-ms-client-request-id": [
          "59fdd043-69d1-4353-8c0f-598adc3b9eb1"
        ],
        "Accept-Language": [
          "en-US"
        ],
        "User-Agent": [
          "FxVersion/4.6.27019.06",
          "OSName/Windows",
          "OSVersion/Microsoft.Windows.10.0.17763.",
          "Microsoft.Azure.Management.Internal.Resources.ResourceManagementClient/1.1.16"
        ]
      },
      "ResponseHeaders": {
        "Cache-Control": [
          "no-cache"
        ],
        "Pragma": [
          "no-cache"
        ],
        "Location": [
          "https://api-dogfood.resources.windows-int.net/subscriptions/0e5a46b1-de0b-4ec3-a5d7-dda908b4e076/operationresults/eyJqb2JJZCI6IlJFU09VUkNFR1JPVVBERUxFVElPTkpPQi1QUzQ4NjQtV0VTVFVTIiwiam9iTG9jYXRpb24iOiJ3ZXN0dXMifQ?api-version=2016-09-01"
        ],
        "Retry-After": [
          "15"
        ],
        "x-ms-ratelimit-remaining-subscription-deletes": [
          "14997"
        ],
        "x-ms-request-id": [
          "109d7fed-1aa7-48b8-80c1-c6e36a601215"
        ],
        "x-ms-correlation-request-id": [
          "109d7fed-1aa7-48b8-80c1-c6e36a601215"
        ],
        "x-ms-routing-request-id": [
          "NORTHEUROPE:20190222T022825Z:109d7fed-1aa7-48b8-80c1-c6e36a601215"
        ],
        "Strict-Transport-Security": [
          "max-age=31536000; includeSubDomains"
        ],
        "X-Content-Type-Options": [
          "nosniff"
        ],
        "Date": [
          "Fri, 22 Feb 2019 02:28:24 GMT"
        ],
        "Expires": [
          "-1"
        ],
        "Content-Length": [
          "0"
        ]
      },
      "ResponseBody": "",
      "StatusCode": 202
    },
    {
      "RequestUri": "/subscriptions/0e5a46b1-de0b-4ec3-a5d7-dda908b4e076/operationresults/eyJqb2JJZCI6IlJFU09VUkNFR1JPVVBERUxFVElPTkpPQi1QUzQ4NjQtV0VTVFVTIiwiam9iTG9jYXRpb24iOiJ3ZXN0dXMifQ?api-version=2016-09-01",
      "EncodedRequestUri": "L3N1YnNjcmlwdGlvbnMvMGU1YTQ2YjEtZGUwYi00ZWMzLWE1ZDctZGRhOTA4YjRlMDc2L29wZXJhdGlvbnJlc3VsdHMvZXlKcWIySkpaQ0k2SWxKRlUwOVZVa05GUjFKUFZWQkVSVXhGVkVsUFRrcFBRaTFRVXpRNE5qUXRWMFZUVkZWVElpd2lhbTlpVEc5allYUnBiMjRpT2lKM1pYTjBkWE1pZlE/YXBpLXZlcnNpb249MjAxNi0wOS0wMQ==",
      "RequestMethod": "GET",
      "RequestBody": "",
      "RequestHeaders": {
        "User-Agent": [
          "FxVersion/4.6.27019.06",
          "OSName/Windows",
          "OSVersion/Microsoft.Windows.10.0.17763.",
          "Microsoft.Azure.Management.Internal.Resources.ResourceManagementClient/1.1.16"
        ]
      },
      "ResponseHeaders": {
        "Cache-Control": [
          "no-cache"
        ],
        "Pragma": [
          "no-cache"
        ],
        "Location": [
          "https://api-dogfood.resources.windows-int.net/subscriptions/0e5a46b1-de0b-4ec3-a5d7-dda908b4e076/operationresults/eyJqb2JJZCI6IlJFU09VUkNFR1JPVVBERUxFVElPTkpPQi1QUzQ4NjQtV0VTVFVTIiwiam9iTG9jYXRpb24iOiJ3ZXN0dXMifQ?api-version=2016-09-01"
        ],
        "Retry-After": [
          "15"
        ],
        "x-ms-ratelimit-remaining-subscription-reads": [
          "14977"
        ],
        "x-ms-request-id": [
          "1e636dba-dd30-46b7-a18d-722b65706641"
        ],
        "x-ms-correlation-request-id": [
          "1e636dba-dd30-46b7-a18d-722b65706641"
        ],
        "x-ms-routing-request-id": [
          "NORTHEUROPE:20190222T022840Z:1e636dba-dd30-46b7-a18d-722b65706641"
        ],
        "Strict-Transport-Security": [
          "max-age=31536000; includeSubDomains"
        ],
        "X-Content-Type-Options": [
          "nosniff"
        ],
        "Date": [
          "Fri, 22 Feb 2019 02:28:39 GMT"
        ],
        "Expires": [
          "-1"
        ],
        "Content-Length": [
          "0"
        ]
      },
      "ResponseBody": "",
      "StatusCode": 202
    },
    {
      "RequestUri": "/subscriptions/0e5a46b1-de0b-4ec3-a5d7-dda908b4e076/operationresults/eyJqb2JJZCI6IlJFU09VUkNFR1JPVVBERUxFVElPTkpPQi1QUzQ4NjQtV0VTVFVTIiwiam9iTG9jYXRpb24iOiJ3ZXN0dXMifQ?api-version=2016-09-01",
      "EncodedRequestUri": "L3N1YnNjcmlwdGlvbnMvMGU1YTQ2YjEtZGUwYi00ZWMzLWE1ZDctZGRhOTA4YjRlMDc2L29wZXJhdGlvbnJlc3VsdHMvZXlKcWIySkpaQ0k2SWxKRlUwOVZVa05GUjFKUFZWQkVSVXhGVkVsUFRrcFBRaTFRVXpRNE5qUXRWMFZUVkZWVElpd2lhbTlpVEc5allYUnBiMjRpT2lKM1pYTjBkWE1pZlE/YXBpLXZlcnNpb249MjAxNi0wOS0wMQ==",
      "RequestMethod": "GET",
      "RequestBody": "",
      "RequestHeaders": {
        "User-Agent": [
          "FxVersion/4.6.27019.06",
          "OSName/Windows",
          "OSVersion/Microsoft.Windows.10.0.17763.",
          "Microsoft.Azure.Management.Internal.Resources.ResourceManagementClient/1.1.16"
        ]
      },
      "ResponseHeaders": {
        "Cache-Control": [
          "no-cache"
        ],
        "Pragma": [
          "no-cache"
        ],
        "Location": [
          "https://api-dogfood.resources.windows-int.net/subscriptions/0e5a46b1-de0b-4ec3-a5d7-dda908b4e076/operationresults/eyJqb2JJZCI6IlJFU09VUkNFR1JPVVBERUxFVElPTkpPQi1QUzQ4NjQtV0VTVFVTIiwiam9iTG9jYXRpb24iOiJ3ZXN0dXMifQ?api-version=2016-09-01"
        ],
        "Retry-After": [
          "15"
        ],
        "x-ms-ratelimit-remaining-subscription-reads": [
          "14976"
        ],
        "x-ms-request-id": [
          "ea345098-2b00-4e31-8d23-0920a838c8a7"
        ],
        "x-ms-correlation-request-id": [
          "ea345098-2b00-4e31-8d23-0920a838c8a7"
        ],
        "x-ms-routing-request-id": [
          "NORTHEUROPE:20190222T022855Z:ea345098-2b00-4e31-8d23-0920a838c8a7"
        ],
        "Strict-Transport-Security": [
          "max-age=31536000; includeSubDomains"
        ],
        "X-Content-Type-Options": [
          "nosniff"
        ],
        "Date": [
          "Fri, 22 Feb 2019 02:28:55 GMT"
        ],
        "Expires": [
          "-1"
        ],
        "Content-Length": [
          "0"
        ]
      },
      "ResponseBody": "",
      "StatusCode": 202
    },
    {
      "RequestUri": "/subscriptions/0e5a46b1-de0b-4ec3-a5d7-dda908b4e076/operationresults/eyJqb2JJZCI6IlJFU09VUkNFR1JPVVBERUxFVElPTkpPQi1QUzQ4NjQtV0VTVFVTIiwiam9iTG9jYXRpb24iOiJ3ZXN0dXMifQ?api-version=2016-09-01",
      "EncodedRequestUri": "L3N1YnNjcmlwdGlvbnMvMGU1YTQ2YjEtZGUwYi00ZWMzLWE1ZDctZGRhOTA4YjRlMDc2L29wZXJhdGlvbnJlc3VsdHMvZXlKcWIySkpaQ0k2SWxKRlUwOVZVa05GUjFKUFZWQkVSVXhGVkVsUFRrcFBRaTFRVXpRNE5qUXRWMFZUVkZWVElpd2lhbTlpVEc5allYUnBiMjRpT2lKM1pYTjBkWE1pZlE/YXBpLXZlcnNpb249MjAxNi0wOS0wMQ==",
      "RequestMethod": "GET",
      "RequestBody": "",
      "RequestHeaders": {
        "User-Agent": [
          "FxVersion/4.6.27019.06",
          "OSName/Windows",
          "OSVersion/Microsoft.Windows.10.0.17763.",
          "Microsoft.Azure.Management.Internal.Resources.ResourceManagementClient/1.1.16"
        ]
      },
      "ResponseHeaders": {
        "Cache-Control": [
          "no-cache"
        ],
        "Pragma": [
          "no-cache"
        ],
        "Location": [
          "https://api-dogfood.resources.windows-int.net/subscriptions/0e5a46b1-de0b-4ec3-a5d7-dda908b4e076/operationresults/eyJqb2JJZCI6IlJFU09VUkNFR1JPVVBERUxFVElPTkpPQi1QUzQ4NjQtV0VTVFVTIiwiam9iTG9jYXRpb24iOiJ3ZXN0dXMifQ?api-version=2016-09-01"
        ],
        "Retry-After": [
          "15"
        ],
        "x-ms-ratelimit-remaining-subscription-reads": [
          "14975"
        ],
        "x-ms-request-id": [
          "e9225561-1bba-4dbb-bed8-805edfa4beff"
        ],
        "x-ms-correlation-request-id": [
          "e9225561-1bba-4dbb-bed8-805edfa4beff"
        ],
        "x-ms-routing-request-id": [
          "NORTHEUROPE:20190222T022911Z:e9225561-1bba-4dbb-bed8-805edfa4beff"
        ],
        "Strict-Transport-Security": [
          "max-age=31536000; includeSubDomains"
        ],
        "X-Content-Type-Options": [
          "nosniff"
        ],
        "Date": [
          "Fri, 22 Feb 2019 02:29:10 GMT"
        ],
        "Expires": [
          "-1"
        ],
        "Content-Length": [
          "0"
        ]
      },
      "ResponseBody": "",
      "StatusCode": 202
    },
    {
      "RequestUri": "/subscriptions/0e5a46b1-de0b-4ec3-a5d7-dda908b4e076/operationresults/eyJqb2JJZCI6IlJFU09VUkNFR1JPVVBERUxFVElPTkpPQi1QUzQ4NjQtV0VTVFVTIiwiam9iTG9jYXRpb24iOiJ3ZXN0dXMifQ?api-version=2016-09-01",
      "EncodedRequestUri": "L3N1YnNjcmlwdGlvbnMvMGU1YTQ2YjEtZGUwYi00ZWMzLWE1ZDctZGRhOTA4YjRlMDc2L29wZXJhdGlvbnJlc3VsdHMvZXlKcWIySkpaQ0k2SWxKRlUwOVZVa05GUjFKUFZWQkVSVXhGVkVsUFRrcFBRaTFRVXpRNE5qUXRWMFZUVkZWVElpd2lhbTlpVEc5allYUnBiMjRpT2lKM1pYTjBkWE1pZlE/YXBpLXZlcnNpb249MjAxNi0wOS0wMQ==",
      "RequestMethod": "GET",
      "RequestBody": "",
      "RequestHeaders": {
        "User-Agent": [
          "FxVersion/4.6.27019.06",
          "OSName/Windows",
          "OSVersion/Microsoft.Windows.10.0.17763.",
          "Microsoft.Azure.Management.Internal.Resources.ResourceManagementClient/1.1.16"
        ]
      },
      "ResponseHeaders": {
        "Cache-Control": [
          "no-cache"
        ],
        "Pragma": [
          "no-cache"
        ],
        "Location": [
          "https://api-dogfood.resources.windows-int.net/subscriptions/0e5a46b1-de0b-4ec3-a5d7-dda908b4e076/operationresults/eyJqb2JJZCI6IlJFU09VUkNFR1JPVVBERUxFVElPTkpPQi1QUzQ4NjQtV0VTVFVTIiwiam9iTG9jYXRpb24iOiJ3ZXN0dXMifQ?api-version=2016-09-01"
        ],
        "Retry-After": [
          "15"
        ],
        "x-ms-ratelimit-remaining-subscription-reads": [
          "14974"
        ],
        "x-ms-request-id": [
          "3bbd0590-fed4-4574-833e-17388aafb4fb"
        ],
        "x-ms-correlation-request-id": [
          "3bbd0590-fed4-4574-833e-17388aafb4fb"
        ],
        "x-ms-routing-request-id": [
          "NORTHEUROPE:20190222T022926Z:3bbd0590-fed4-4574-833e-17388aafb4fb"
        ],
        "Strict-Transport-Security": [
          "max-age=31536000; includeSubDomains"
        ],
        "X-Content-Type-Options": [
          "nosniff"
        ],
        "Date": [
          "Fri, 22 Feb 2019 02:29:25 GMT"
        ],
        "Expires": [
          "-1"
        ],
        "Content-Length": [
          "0"
        ]
      },
      "ResponseBody": "",
      "StatusCode": 202
    },
    {
      "RequestUri": "/subscriptions/0e5a46b1-de0b-4ec3-a5d7-dda908b4e076/operationresults/eyJqb2JJZCI6IlJFU09VUkNFR1JPVVBERUxFVElPTkpPQi1QUzQ4NjQtV0VTVFVTIiwiam9iTG9jYXRpb24iOiJ3ZXN0dXMifQ?api-version=2016-09-01",
      "EncodedRequestUri": "L3N1YnNjcmlwdGlvbnMvMGU1YTQ2YjEtZGUwYi00ZWMzLWE1ZDctZGRhOTA4YjRlMDc2L29wZXJhdGlvbnJlc3VsdHMvZXlKcWIySkpaQ0k2SWxKRlUwOVZVa05GUjFKUFZWQkVSVXhGVkVsUFRrcFBRaTFRVXpRNE5qUXRWMFZUVkZWVElpd2lhbTlpVEc5allYUnBiMjRpT2lKM1pYTjBkWE1pZlE/YXBpLXZlcnNpb249MjAxNi0wOS0wMQ==",
      "RequestMethod": "GET",
      "RequestBody": "",
      "RequestHeaders": {
        "User-Agent": [
          "FxVersion/4.6.27019.06",
          "OSName/Windows",
          "OSVersion/Microsoft.Windows.10.0.17763.",
          "Microsoft.Azure.Management.Internal.Resources.ResourceManagementClient/1.1.16"
        ]
      },
      "ResponseHeaders": {
        "Cache-Control": [
          "no-cache"
        ],
        "Pragma": [
          "no-cache"
        ],
        "Location": [
          "https://api-dogfood.resources.windows-int.net/subscriptions/0e5a46b1-de0b-4ec3-a5d7-dda908b4e076/operationresults/eyJqb2JJZCI6IlJFU09VUkNFR1JPVVBERUxFVElPTkpPQi1QUzQ4NjQtV0VTVFVTIiwiam9iTG9jYXRpb24iOiJ3ZXN0dXMifQ?api-version=2016-09-01"
        ],
        "Retry-After": [
          "15"
        ],
        "x-ms-ratelimit-remaining-subscription-reads": [
          "14973"
        ],
        "x-ms-request-id": [
          "16ebfa68-0c81-421c-b16d-ea4639f29010"
        ],
        "x-ms-correlation-request-id": [
          "16ebfa68-0c81-421c-b16d-ea4639f29010"
        ],
        "x-ms-routing-request-id": [
          "NORTHEUROPE:20190222T022941Z:16ebfa68-0c81-421c-b16d-ea4639f29010"
        ],
        "Strict-Transport-Security": [
          "max-age=31536000; includeSubDomains"
        ],
        "X-Content-Type-Options": [
          "nosniff"
        ],
        "Date": [
          "Fri, 22 Feb 2019 02:29:41 GMT"
        ],
        "Expires": [
          "-1"
        ],
        "Content-Length": [
          "0"
        ]
      },
      "ResponseBody": "",
      "StatusCode": 202
    },
    {
      "RequestUri": "/subscriptions/0e5a46b1-de0b-4ec3-a5d7-dda908b4e076/operationresults/eyJqb2JJZCI6IlJFU09VUkNFR1JPVVBERUxFVElPTkpPQi1QUzQ4NjQtV0VTVFVTIiwiam9iTG9jYXRpb24iOiJ3ZXN0dXMifQ?api-version=2016-09-01",
      "EncodedRequestUri": "L3N1YnNjcmlwdGlvbnMvMGU1YTQ2YjEtZGUwYi00ZWMzLWE1ZDctZGRhOTA4YjRlMDc2L29wZXJhdGlvbnJlc3VsdHMvZXlKcWIySkpaQ0k2SWxKRlUwOVZVa05GUjFKUFZWQkVSVXhGVkVsUFRrcFBRaTFRVXpRNE5qUXRWMFZUVkZWVElpd2lhbTlpVEc5allYUnBiMjRpT2lKM1pYTjBkWE1pZlE/YXBpLXZlcnNpb249MjAxNi0wOS0wMQ==",
      "RequestMethod": "GET",
      "RequestBody": "",
      "RequestHeaders": {
        "User-Agent": [
          "FxVersion/4.6.27019.06",
          "OSName/Windows",
          "OSVersion/Microsoft.Windows.10.0.17763.",
          "Microsoft.Azure.Management.Internal.Resources.ResourceManagementClient/1.1.16"
        ]
      },
      "ResponseHeaders": {
        "Cache-Control": [
          "no-cache"
        ],
        "Pragma": [
          "no-cache"
        ],
        "Location": [
          "https://api-dogfood.resources.windows-int.net/subscriptions/0e5a46b1-de0b-4ec3-a5d7-dda908b4e076/operationresults/eyJqb2JJZCI6IlJFU09VUkNFR1JPVVBERUxFVElPTkpPQi1QUzQ4NjQtV0VTVFVTIiwiam9iTG9jYXRpb24iOiJ3ZXN0dXMifQ?api-version=2016-09-01"
        ],
        "Retry-After": [
          "15"
        ],
        "x-ms-ratelimit-remaining-subscription-reads": [
          "14972"
        ],
        "x-ms-request-id": [
          "2cca0139-dd60-472b-93d1-9f5624638309"
        ],
        "x-ms-correlation-request-id": [
          "2cca0139-dd60-472b-93d1-9f5624638309"
        ],
        "x-ms-routing-request-id": [
          "NORTHEUROPE:20190222T022957Z:2cca0139-dd60-472b-93d1-9f5624638309"
        ],
        "Strict-Transport-Security": [
          "max-age=31536000; includeSubDomains"
        ],
        "X-Content-Type-Options": [
          "nosniff"
        ],
        "Date": [
          "Fri, 22 Feb 2019 02:29:56 GMT"
        ],
        "Expires": [
          "-1"
        ],
        "Content-Length": [
          "0"
        ]
      },
      "ResponseBody": "",
      "StatusCode": 202
    },
    {
      "RequestUri": "/subscriptions/0e5a46b1-de0b-4ec3-a5d7-dda908b4e076/operationresults/eyJqb2JJZCI6IlJFU09VUkNFR1JPVVBERUxFVElPTkpPQi1QUzQ4NjQtV0VTVFVTIiwiam9iTG9jYXRpb24iOiJ3ZXN0dXMifQ?api-version=2016-09-01",
      "EncodedRequestUri": "L3N1YnNjcmlwdGlvbnMvMGU1YTQ2YjEtZGUwYi00ZWMzLWE1ZDctZGRhOTA4YjRlMDc2L29wZXJhdGlvbnJlc3VsdHMvZXlKcWIySkpaQ0k2SWxKRlUwOVZVa05GUjFKUFZWQkVSVXhGVkVsUFRrcFBRaTFRVXpRNE5qUXRWMFZUVkZWVElpd2lhbTlpVEc5allYUnBiMjRpT2lKM1pYTjBkWE1pZlE/YXBpLXZlcnNpb249MjAxNi0wOS0wMQ==",
      "RequestMethod": "GET",
      "RequestBody": "",
      "RequestHeaders": {
        "User-Agent": [
          "FxVersion/4.6.27019.06",
          "OSName/Windows",
          "OSVersion/Microsoft.Windows.10.0.17763.",
          "Microsoft.Azure.Management.Internal.Resources.ResourceManagementClient/1.1.16"
        ]
      },
      "ResponseHeaders": {
        "Cache-Control": [
          "no-cache"
        ],
        "Pragma": [
          "no-cache"
        ],
        "Location": [
          "https://api-dogfood.resources.windows-int.net/subscriptions/0e5a46b1-de0b-4ec3-a5d7-dda908b4e076/operationresults/eyJqb2JJZCI6IlJFU09VUkNFR1JPVVBERUxFVElPTkpPQi1QUzQ4NjQtV0VTVFVTIiwiam9iTG9jYXRpb24iOiJ3ZXN0dXMifQ?api-version=2016-09-01"
        ],
        "Retry-After": [
          "15"
        ],
        "x-ms-ratelimit-remaining-subscription-reads": [
          "14971"
        ],
        "x-ms-request-id": [
          "8e081ff2-6309-45dd-a6f4-ce4ad40826ca"
        ],
        "x-ms-correlation-request-id": [
          "8e081ff2-6309-45dd-a6f4-ce4ad40826ca"
        ],
        "x-ms-routing-request-id": [
          "NORTHEUROPE:20190222T023012Z:8e081ff2-6309-45dd-a6f4-ce4ad40826ca"
        ],
        "Strict-Transport-Security": [
          "max-age=31536000; includeSubDomains"
        ],
        "X-Content-Type-Options": [
          "nosniff"
        ],
        "Date": [
          "Fri, 22 Feb 2019 02:30:12 GMT"
        ],
        "Expires": [
          "-1"
        ],
        "Content-Length": [
          "0"
        ]
      },
      "ResponseBody": "",
      "StatusCode": 202
    },
    {
      "RequestUri": "/subscriptions/0e5a46b1-de0b-4ec3-a5d7-dda908b4e076/operationresults/eyJqb2JJZCI6IlJFU09VUkNFR1JPVVBERUxFVElPTkpPQi1QUzQ4NjQtV0VTVFVTIiwiam9iTG9jYXRpb24iOiJ3ZXN0dXMifQ?api-version=2016-09-01",
      "EncodedRequestUri": "L3N1YnNjcmlwdGlvbnMvMGU1YTQ2YjEtZGUwYi00ZWMzLWE1ZDctZGRhOTA4YjRlMDc2L29wZXJhdGlvbnJlc3VsdHMvZXlKcWIySkpaQ0k2SWxKRlUwOVZVa05GUjFKUFZWQkVSVXhGVkVsUFRrcFBRaTFRVXpRNE5qUXRWMFZUVkZWVElpd2lhbTlpVEc5allYUnBiMjRpT2lKM1pYTjBkWE1pZlE/YXBpLXZlcnNpb249MjAxNi0wOS0wMQ==",
      "RequestMethod": "GET",
      "RequestBody": "",
      "RequestHeaders": {
        "User-Agent": [
          "FxVersion/4.6.27019.06",
          "OSName/Windows",
          "OSVersion/Microsoft.Windows.10.0.17763.",
          "Microsoft.Azure.Management.Internal.Resources.ResourceManagementClient/1.1.16"
        ]
      },
      "ResponseHeaders": {
        "Cache-Control": [
          "no-cache"
        ],
        "Pragma": [
          "no-cache"
        ],
        "Location": [
          "https://api-dogfood.resources.windows-int.net/subscriptions/0e5a46b1-de0b-4ec3-a5d7-dda908b4e076/operationresults/eyJqb2JJZCI6IlJFU09VUkNFR1JPVVBERUxFVElPTkpPQi1QUzQ4NjQtV0VTVFVTIiwiam9iTG9jYXRpb24iOiJ3ZXN0dXMifQ?api-version=2016-09-01"
        ],
        "Retry-After": [
          "15"
        ],
        "x-ms-ratelimit-remaining-subscription-reads": [
          "14970"
        ],
        "x-ms-request-id": [
          "5325585e-13f7-4d16-9e2e-3823c5310593"
        ],
        "x-ms-correlation-request-id": [
          "5325585e-13f7-4d16-9e2e-3823c5310593"
        ],
        "x-ms-routing-request-id": [
          "NORTHEUROPE:20190222T023028Z:5325585e-13f7-4d16-9e2e-3823c5310593"
        ],
        "Strict-Transport-Security": [
          "max-age=31536000; includeSubDomains"
        ],
        "X-Content-Type-Options": [
          "nosniff"
        ],
        "Date": [
          "Fri, 22 Feb 2019 02:30:27 GMT"
        ],
        "Expires": [
          "-1"
        ],
        "Content-Length": [
          "0"
        ]
      },
      "ResponseBody": "",
      "StatusCode": 202
    },
    {
      "RequestUri": "/subscriptions/0e5a46b1-de0b-4ec3-a5d7-dda908b4e076/operationresults/eyJqb2JJZCI6IlJFU09VUkNFR1JPVVBERUxFVElPTkpPQi1QUzQ4NjQtV0VTVFVTIiwiam9iTG9jYXRpb24iOiJ3ZXN0dXMifQ?api-version=2016-09-01",
      "EncodedRequestUri": "L3N1YnNjcmlwdGlvbnMvMGU1YTQ2YjEtZGUwYi00ZWMzLWE1ZDctZGRhOTA4YjRlMDc2L29wZXJhdGlvbnJlc3VsdHMvZXlKcWIySkpaQ0k2SWxKRlUwOVZVa05GUjFKUFZWQkVSVXhGVkVsUFRrcFBRaTFRVXpRNE5qUXRWMFZUVkZWVElpd2lhbTlpVEc5allYUnBiMjRpT2lKM1pYTjBkWE1pZlE/YXBpLXZlcnNpb249MjAxNi0wOS0wMQ==",
      "RequestMethod": "GET",
      "RequestBody": "",
      "RequestHeaders": {
        "User-Agent": [
          "FxVersion/4.6.27019.06",
          "OSName/Windows",
          "OSVersion/Microsoft.Windows.10.0.17763.",
          "Microsoft.Azure.Management.Internal.Resources.ResourceManagementClient/1.1.16"
        ]
      },
      "ResponseHeaders": {
        "Cache-Control": [
          "no-cache"
        ],
        "Pragma": [
          "no-cache"
        ],
        "Location": [
          "https://api-dogfood.resources.windows-int.net/subscriptions/0e5a46b1-de0b-4ec3-a5d7-dda908b4e076/operationresults/eyJqb2JJZCI6IlJFU09VUkNFR1JPVVBERUxFVElPTkpPQi1QUzQ4NjQtV0VTVFVTIiwiam9iTG9jYXRpb24iOiJ3ZXN0dXMifQ?api-version=2016-09-01"
        ],
        "Retry-After": [
          "15"
        ],
        "x-ms-ratelimit-remaining-subscription-reads": [
          "14969"
        ],
        "x-ms-request-id": [
          "8aaa79c7-ee88-4db7-9a2d-d09f96fddac7"
        ],
        "x-ms-correlation-request-id": [
          "8aaa79c7-ee88-4db7-9a2d-d09f96fddac7"
        ],
        "x-ms-routing-request-id": [
          "NORTHEUROPE:20190222T023043Z:8aaa79c7-ee88-4db7-9a2d-d09f96fddac7"
        ],
        "Strict-Transport-Security": [
          "max-age=31536000; includeSubDomains"
        ],
        "X-Content-Type-Options": [
          "nosniff"
        ],
        "Date": [
          "Fri, 22 Feb 2019 02:30:43 GMT"
        ],
        "Expires": [
          "-1"
        ],
        "Content-Length": [
          "0"
        ]
      },
      "ResponseBody": "",
      "StatusCode": 202
    },
    {
      "RequestUri": "/subscriptions/0e5a46b1-de0b-4ec3-a5d7-dda908b4e076/operationresults/eyJqb2JJZCI6IlJFU09VUkNFR1JPVVBERUxFVElPTkpPQi1QUzQ4NjQtV0VTVFVTIiwiam9iTG9jYXRpb24iOiJ3ZXN0dXMifQ?api-version=2016-09-01",
      "EncodedRequestUri": "L3N1YnNjcmlwdGlvbnMvMGU1YTQ2YjEtZGUwYi00ZWMzLWE1ZDctZGRhOTA4YjRlMDc2L29wZXJhdGlvbnJlc3VsdHMvZXlKcWIySkpaQ0k2SWxKRlUwOVZVa05GUjFKUFZWQkVSVXhGVkVsUFRrcFBRaTFRVXpRNE5qUXRWMFZUVkZWVElpd2lhbTlpVEc5allYUnBiMjRpT2lKM1pYTjBkWE1pZlE/YXBpLXZlcnNpb249MjAxNi0wOS0wMQ==",
      "RequestMethod": "GET",
      "RequestBody": "",
      "RequestHeaders": {
        "User-Agent": [
          "FxVersion/4.6.27019.06",
          "OSName/Windows",
          "OSVersion/Microsoft.Windows.10.0.17763.",
          "Microsoft.Azure.Management.Internal.Resources.ResourceManagementClient/1.1.16"
        ]
      },
      "ResponseHeaders": {
        "Cache-Control": [
          "no-cache"
        ],
        "Pragma": [
          "no-cache"
        ],
        "x-ms-ratelimit-remaining-subscription-reads": [
          "14968"
        ],
        "x-ms-request-id": [
          "21f092c8-7e69-43a6-a2b6-9b65b643011f"
        ],
        "x-ms-correlation-request-id": [
          "21f092c8-7e69-43a6-a2b6-9b65b643011f"
        ],
        "x-ms-routing-request-id": [
          "NORTHEUROPE:20190222T023058Z:21f092c8-7e69-43a6-a2b6-9b65b643011f"
        ],
        "Strict-Transport-Security": [
          "max-age=31536000; includeSubDomains"
        ],
        "X-Content-Type-Options": [
          "nosniff"
        ],
        "Date": [
          "Fri, 22 Feb 2019 02:30:58 GMT"
        ],
        "Expires": [
          "-1"
        ],
        "Content-Length": [
          "0"
        ]
      },
      "ResponseBody": "",
      "StatusCode": 200
    },
    {
      "RequestUri": "/subscriptions/0e5a46b1-de0b-4ec3-a5d7-dda908b4e076/operationresults/eyJqb2JJZCI6IlJFU09VUkNFR1JPVVBERUxFVElPTkpPQi1QUzQ4NjQtV0VTVFVTIiwiam9iTG9jYXRpb24iOiJ3ZXN0dXMifQ?api-version=2016-09-01",
      "EncodedRequestUri": "L3N1YnNjcmlwdGlvbnMvMGU1YTQ2YjEtZGUwYi00ZWMzLWE1ZDctZGRhOTA4YjRlMDc2L29wZXJhdGlvbnJlc3VsdHMvZXlKcWIySkpaQ0k2SWxKRlUwOVZVa05GUjFKUFZWQkVSVXhGVkVsUFRrcFBRaTFRVXpRNE5qUXRWMFZUVkZWVElpd2lhbTlpVEc5allYUnBiMjRpT2lKM1pYTjBkWE1pZlE/YXBpLXZlcnNpb249MjAxNi0wOS0wMQ==",
      "RequestMethod": "GET",
      "RequestBody": "",
      "RequestHeaders": {
        "User-Agent": [
          "FxVersion/4.6.27019.06",
          "OSName/Windows",
          "OSVersion/Microsoft.Windows.10.0.17763.",
          "Microsoft.Azure.Management.Internal.Resources.ResourceManagementClient/1.1.16"
        ]
      },
      "ResponseHeaders": {
        "Cache-Control": [
          "no-cache"
        ],
        "Pragma": [
          "no-cache"
        ],
        "x-ms-ratelimit-remaining-subscription-reads": [
          "14967"
        ],
        "x-ms-request-id": [
          "a6ab9c63-f945-4589-ab0a-056d9173dcfb"
        ],
        "x-ms-correlation-request-id": [
          "a6ab9c63-f945-4589-ab0a-056d9173dcfb"
        ],
        "x-ms-routing-request-id": [
          "NORTHEUROPE:20190222T023059Z:a6ab9c63-f945-4589-ab0a-056d9173dcfb"
        ],
        "Strict-Transport-Security": [
          "max-age=31536000; includeSubDomains"
        ],
        "X-Content-Type-Options": [
          "nosniff"
        ],
        "Date": [
          "Fri, 22 Feb 2019 02:30:59 GMT"
        ],
        "Expires": [
          "-1"
        ],
        "Content-Length": [
          "0"
        ]
      },
      "ResponseBody": "",
      "StatusCode": 200
    }
  ],
  "Names": {
    "Test-UpdateLinkWithEtagMismatchOverwrite": [
      "ps4267",
      "ps7844",
      "ps4864",
      "ps6582"
    ]
  },
  "Variables": {
    "SubscriptionId": "0e5a46b1-de0b-4ec3-a5d7-dda908b4e076"
  }
}